/usr/include/c++/6/ostream:508:5: note:   template argument deduction/substitution failed:
test.cpp:46:9: note:   cannot convert ‘currentPosition’ (type ‘DJI::OSDK::Telemetry::GlobalPosition’) to type ‘char’
 cout << currentPosition <<endl;
         ^~~~~~~~~~~~~~~
In file included from /usr/include/c++/6/iostream:39:0,
                 from test.cpp:13:
/usr/include/c++/6/ostream:514:5: note: candidate: template<class _Traits> std::basic_ostream<char, _Traits>& std::operator<<(std::basic_ostream<char, _Traits>&, signed char)
     operator<<(basic_ostream<char, _Traits>& __out, signed char __c)
     ^~~~~~~~
/usr/include/c++/6/ostream:514:5: note:   template argument deduction/substitution failed:
test.cpp:46:9: note:   cannot convert ‘currentPosition’ (type ‘DJI::OSDK::Telemetry::GlobalPosition’) to type ‘signed char’
 cout << currentPosition <<endl;
         ^~~~~~~~~~~~~~~
In file included from /usr/include/c++/6/iostream:39:0,
                 from test.cpp:13:
/usr/include/c++/6/ostream:519:5: note: candidate: template<class _Traits> std::basic_ostream<char, _Traits>& std::operator<<(std::basic_ostream<char, _Traits>&, unsigned char)
     operator<<(basic_ostream<char, _Traits>& __out, unsigned char __c)
     ^~~~~~~~
/usr/include/c++/6/ostream:519:5: note:   template argument deduction/substitution failed:
test.cpp:46:9: note:   cannot convert ‘currentPosition’ (type ‘DJI::OSDK::Telemetry::GlobalPosition’) to type ‘unsigned char’
 cout << currentPosition <<endl;
         ^~~~~~~~~~~~~~~
In file included from /usr/include/c++/6/iostream:39:0,
                 from test.cpp:13:
/usr/include/c++/6/ostream:539:5: note: candidate: template<class _CharT, class _Traits> std::basic_ostream<_CharT, _Traits>& std::operator<<(std::basic_ostream<_CharT, _Traits>&, const _CharT*)
     operator<<(basic_ostream<_CharT, _Traits>& __out, const _CharT* __s)
     ^~~~~~~~
/usr/include/c++/6/ostream:539:5: note:   template argument deduction/substitution failed:
test.cpp:46:9: note:   mismatched types ‘const _CharT*’ and ‘DJI::OSDK::Telemetry::GlobalPosition’
 cout << currentPosition <<endl;
         ^~~~~~~~~~~~~~~
In file included from /usr/include/c++/6/ostream:638:0,
                 from /usr/include/c++/6/iostream:39,
                 from test.cpp:13:
/usr/include/c++/6/bits/ostream.tcc:321:5: note: candidate: template<class _CharT, class _Traits> std::basic_ostream<_CharT, _Traits>& std::operator<<(std::basic_ostream<_CharT, _Traits>&, const char*)
     operator<<(basic_ostream<_CharT, _Traits>& __out, const char* __s)
     ^~~~~~~~
/usr/include/c++/6/bits/ostream.tcc:321:5: note:   template argument deduction/substitution failed:
test.cpp:46:9: note:   cannot convert ‘currentPosition’ (type ‘DJI::OSDK::Telemetry::GlobalPosition’) to type ‘const char*’
 cout << currentPosition <<endl;
         ^~~~~~~~~~~~~~~
In file included from /usr/include/c++/6/iostream:39:0,
                 from test.cpp:13:
/usr/include/c++/6/ostream:556:5: note: candidate: template<class _Traits> std::basic_ostream<char, _Traits>& std::operator<<(std::basic_ostream<char, _Traits>&, const char*)
     operator<<(basic_ostream<char, _Traits>& __out, const char* __s)
     ^~~~~~~~
/usr/include/c++/6/ostream:556:5: note:   template argument deduction/substitution failed:
test.cpp:46:9: note:   cannot convert ‘currentPosition’ (type ‘DJI::OSDK::Telemetry::GlobalPosition’) to type ‘const char*’
 cout << currentPosition <<endl;
         ^~~~~~~~~~~~~~~
In file included from /usr/include/c++/6/iostream:39:0,
                 from test.cpp:13:
/usr/include/c++/6/ostream:569:5: note: candidate: template<class _Traits> std::basic_ostream<char, _Traits>& std::operator<<(std::basic_ostream<char, _Traits>&, const signed char*)
     operator<<(basic_ostream<char, _Traits>& __out, const signed char* __s)
     ^~~~~~~~
/usr/include/c++/6/ostream:569:5: note:   template argument deduction/substitution failed:
test.cpp:46:9: note:   cannot convert ‘currentPosition’ (type ‘DJI::OSDK::Telemetry::GlobalPosition’) to type ‘const signed char*’
 cout << currentPosition <<endl;
         ^~~~~~~~~~~~~~~
In file included from /usr/include/c++/6/iostream:39:0,
                 from test.cpp:13:
/usr/include/c++/6/ostream:574:5: note: candidate: template<class _Traits> std::basic_ostream<char, _Traits>& std::operator<<(std::basic_ostream<char, _Traits>&, const unsigned char*)
     operator<<(basic_ostream<char, _Traits>& __out, const unsigned char* __s)
     ^~~~~~~~
/usr/include/c++/6/ostream:574:5: note:   template argument deduction/substitution failed:
test.cpp:46:9: note:   cannot convert ‘currentPosition’ (type ‘DJI::OSDK::Telemetry::GlobalPosition’) to type ‘const unsigned char*’
 cout << currentPosition <<endl;
         ^~~~~~~~~~~~~~~
In file included from /usr/include/c++/6/iostream:39:0,
                 from test.cpp:13:
/usr/include/c++/6/ostream:628:5: note: candidate: std::basic_ostream<_CharT, _Traits>& std::operator<<(std::basic_ostream<_CharT, _Traits>&&, const _Tp&) [with _CharT = char; _Traits = std::char_traits<char>; _Tp = DJI::OSDK::Telemetry::GlobalPosition] <near match>
     operator<<(basic_ostream<_CharT, _Traits>&& __os, const _Tp& __x)
     ^~~~~~~~
/usr/include/c++/6/ostream:628:5: note:   conversion of argument 1 would be ill-formed:
test.cpp:46:9: error: cannot bind ‘std::ostream {aka std::basic_ostream<char>}’ lvalue to ‘std::basic_ostream<char>&&’
 cout << currentPosition <<endl;
         ^~~~~~~~~~~~~~~
pi@raspberrypi:~/Onboard-SDK/dji $ g++ test.cpp -ldjiosdk-core
test.cpp: In function ‘int main()’:
test.cpp:43:6: error: no match for ‘operator<<’ (operand types are ‘std::ostream {aka std::basic_ostream<char>}’ and ‘DJI::OSDK::Telemetry::GlobalPosition’)
 cout << currentPosition <<endl;
 ~~~~~^~~~~~~~~~~~~~~~~~
In file included from /usr/include/c++/6/iostream:39:0,
                 from test.cpp:13:
/usr/include/c++/6/ostream:108:7: note: candidate: std::basic_ostream<_CharT, _Traits>::__ostream_type& std::basic_ostream<_CharT, _Traits>::operator<<(std::basic_ostream<_CharT, _Traits>::__ostream_type& (*)(std::basic_ostream<_CharT, _Traits>::__ostream_type&)) [with _CharT = char; _Traits = std::char_traits<char>; std::basic_ostream<_CharT, _Traits>::__ostream_type = std::basic_ostream<char>]
       operator<<(__ostream_type& (*__pf)(__ostream_type&))
       ^~~~~~~~
/usr/include/c++/6/ostream:108:7: note:   no known conversion for argument 1 from ‘DJI::OSDK::Telemetry::GlobalPosition’ to ‘std::basic_ostream<char>::__ostream_type& (*)(std::basic_ostream<char>::__ostream_type&) {aka std::basic_ostream<char>& (*)(std::basic_ostream<char>&)}’
/usr/include/c++/6/ostream:117:7: note: candidate: std::basic_ostream<_CharT, _Traits>::__ostream_type& std::basic_ostream<_CharT, _Traits>::operator<<(std::basic_ostream<_CharT, _Traits>::__ios_type& (*)(std::basic_ostream<_CharT, _Traits>::__ios_type&)) [with _CharT = char; _Traits = std::char_traits<char>; std::basic_ostream<_CharT, _Traits>::__ostream_type = std::basic_ostream<char>; std::basic_ostream<_CharT, _Traits>::__ios_type = std::basic_ios<char>]
       operator<<(__ios_type& (*__pf)(__ios_type&))
       ^~~~~~~~
/usr/include/c++/6/ostream:117:7: note:   no known conversion for argument 1 from ‘DJI::OSDK::Telemetry::GlobalPosition’ to ‘std::basic_ostream<char>::__ios_type& (*)(std::basic_ostream<char>::__ios_type&) {aka std::basic_ios<char>& (*)(std::basic_ios<char>&)}’
/usr/include/c++/6/ostream:127:7: note: candidate: std::basic_ostream<_CharT, _Traits>::__ostream_type& std::basic_ostream<_CharT, _Traits>::operator<<(std::ios_base& (*)(std::ios_base&)) [with _CharT = char; _Traits = std::char_traits<char>; std::basic_ostream<_CharT, _Traits>::__ostream_type = std::basic_ostream<char>]
       operator<<(ios_base& (*__pf) (ios_base&))
       ^~~~~~~~
/usr/include/c++/6/ostream:127:7: note:   no known conversion for argument 1 from ‘DJI::OSDK::Telemetry::GlobalPosition’ to ‘std::ios_base& (*)(std::ios_base&)’
/usr/include/c++/6/ostream:166:7: note: candidate: std::basic_ostream<_CharT, _Traits>::__ostream_type& std::basic_ostream<_CharT, _Traits>::operator<<(long int) [with _CharT = char; _Traits = std::char_traits<char>; std::basic_ostream<_CharT, _Traits>::__ostream_type = std::basic_ostream<char>]
       operator<<(long __n)
       ^~~~~~~~
/usr/include/c++/6/ostream:166:7: note:   no known conversion for argument 1 from ‘DJI::OSDK::Telemetry::GlobalPosition’ to ‘long int’
/usr/include/c++/6/ostream:170:7: note: candidate: std::basic_ostream<_CharT, _Traits>::__ostream_type& std::basic_ostream<_CharT, _Traits>::operator<<(long unsigned int) [with _CharT = char; _Traits = std::char_traits<char>; std::basic_ostream<_CharT, _Traits>::__ostream_type = std::basic_ostream<char>]
       operator<<(unsigned long __n)
       ^~~~~~~~
/usr/include/c++/6/ostream:170:7: note:   no known conversion for argument 1 from ‘DJI::OSDK::Telemetry::GlobalPosition’ to ‘long unsigned int’
/usr/include/c++/6/ostream:174:7: note: candidate: std::basic_ostream<_CharT, _Traits>::__ostream_type& std::basic_ostream<_CharT, _Traits>::operator<<(bool) [with _CharT = char; _Traits = std::char_traits<char>; std::basic_ostream<_CharT, _Traits>::__ostream_type = std::basic_ostream<char>]
       operator<<(bool __n)
       ^~~~~~~~
/usr/include/c++/6/ostream:174:7: note:   no known conversion for argument 1 from ‘DJI::OSDK::Telemetry::GlobalPosition’ to ‘bool’
In file included from /usr/include/c++/6/ostream:638:0,
                 from /usr/include/c++/6/iostream:39,
                 from test.cpp:13:
/usr/include/c++/6/bits/ostream.tcc:91:5: note: candidate: std::basic_ostream<_CharT, _Traits>& std::basic_ostream<_CharT, _Traits>::operator<<(short int) [with _CharT = char; _Traits = std::char_traits<char>]
     basic_ostream<_CharT, _Traits>::
     ^~~~~~~~~~~~~~~~~~~~~~~~~~~~~~
/usr/include/c++/6/bits/ostream.tcc:91:5: note:   no known conversion for argument 1 from ‘DJI::OSDK::Telemetry::GlobalPosition’ to ‘short int’
In file included from /usr/include/c++/6/iostream:39:0,
                 from test.cpp:13:
/usr/include/c++/6/ostream:181:7: note: candidate: std::basic_ostream<_CharT, _Traits>::__ostream_type& std::basic_ostream<_CharT, _Traits>::operator<<(short unsigned int) [with _CharT = char; _Traits = std::char_traits<char>; std::basic_ostream<_CharT, _Traits>::__ostream_type = std::basic_ostream<char>]
       operator<<(unsigned short __n)
       ^~~~~~~~
/usr/include/c++/6/ostream:181:7: note:   no known conversion for argument 1 from ‘DJI::OSDK::Telemetry::GlobalPosition’ to ‘short unsigned int’
In file included from /usr/include/c++/6/ostream:638:0,
                 from /usr/include/c++/6/iostream:39,
                 from test.cpp:13:
/usr/include/c++/6/bits/ostream.tcc:105:5: note: candidate: std::basic_ostream<_CharT, _Traits>& std::basic_ostream<_CharT, _Traits>::operator<<(int) [with _CharT = char; _Traits = std::char_traits<char>]
     basic_ostream<_CharT, _Traits>::
     ^~~~~~~~~~~~~~~~~~~~~~~~~~~~~~
/usr/include/c++/6/bits/ostream.tcc:105:5: note:   no known conversion for argument 1 from ‘DJI::OSDK::Telemetry::GlobalPosition’ to ‘int’
In file included from /usr/include/c++/6/iostream:39:0,
                 from test.cpp:13:
/usr/include/c++/6/ostream:192:7: note: candidate: std::basic_ostream<_CharT, _Traits>::__ostream_type& std::basic_ostream<_CharT, _Traits>::operator<<(unsigned int) [with _CharT = char; _Traits = std::char_traits<char>; std::basic_ostream<_CharT, _Traits>::__ostream_type = std::basic_ostream<char>]
       operator<<(unsigned int __n)
       ^~~~~~~~
/usr/include/c++/6/ostream:192:7: note:   no known conversion for argument 1 from ‘DJI::OSDK::Telemetry::GlobalPosition’ to ‘unsigned int’
/usr/include/c++/6/ostream:201:7: note: candidate: std::basic_ostream<_CharT, _Traits>::__ostream_type& std::basic_ostream<_CharT, _Traits>::operator<<(long long int) [with _CharT = char; _Traits = std::char_traits<char>; std::basic_ostream<_CharT, _Traits>::__ostream_type = std::basic_ostream<char>]
       operator<<(long long __n)
       ^~~~~~~~
/usr/include/c++/6/ostream:201:7: note:   no known conversion for argument 1 from ‘DJI::OSDK::Telemetry::GlobalPosition’ to ‘long long int’
/usr/include/c++/6/ostream:205:7: note: candidate: std::basic_ostream<_CharT, _Traits>::__ostream_type& std::basic_ostream<_CharT, _Traits>::operator<<(long long unsigned int) [with _CharT = char; _Traits = std::char_traits<char>; std::basic_ostream<_CharT, _Traits>::__ostream_type = std::basic_ostream<char>]
       operator<<(unsigned long long __n)
       ^~~~~~~~
/usr/include/c++/6/ostream:205:7: note:   no known conversion for argument 1 from ‘DJI::OSDK::Telemetry::GlobalPosition’ to ‘long long unsigned int’
/usr/include/c++/6/ostream:220:7: note: candidate: std::basic_ostream<_CharT, _Traits>::__ostream_type& std::basic_ostream<_CharT, _Traits>::operator<<(double) [with _CharT = char; _Traits = std::char_traits<char>; std::basic_ostream<_CharT, _Traits>::__ostream_type = std::basic_ostream<char>]
       operator<<(double __f)
       ^~~~~~~~
/usr/include/c++/6/ostream:220:7: note:   no known conversion for argument 1 from ‘DJI::OSDK::Telemetry::GlobalPosition’ to ‘double’
/usr/include/c++/6/ostream:224:7: note: candidate: std::basic_ostream<_CharT, _Traits>::__ostream_type& std::basic_ostream<_CharT, _Traits>::operator<<(float) [with _CharT = char; _Traits = std::char_traits<char>; std::basic_ostream<_CharT, _Traits>::__ostream_type = std::basic_ostream<char>]
       operator<<(float __f)
       ^~~~~~~~
/usr/include/c++/6/ostream:224:7: note:   no known conversion for argument 1 from ‘DJI::OSDK::Telemetry::GlobalPosition’ to ‘float’
/usr/include/c++/6/ostream:232:7: note: candidate: std::basic_ostream<_CharT, _Traits>::__ostream_type& std::basic_ostream<_CharT, _Traits>::operator<<(long double) [with _CharT = char; _Traits = std::char_traits<char>; std::basic_ostream<_CharT, _Traits>::__ostream_type = std::basic_ostream<char>]
       operator<<(long double __f)
       ^~~~~~~~
/usr/include/c++/6/ostream:232:7: note:   no known conversion for argument 1 from ‘DJI::OSDK::Telemetry::GlobalPosition’ to ‘long double’
/usr/include/c++/6/ostream:245:7: note: candidate: std::basic_ostream<_CharT, _Traits>::__ostream_type& std::basic_ostream<_CharT, _Traits>::operator<<(const void*) [with _CharT = char; _Traits = std::char_traits<char>; std::basic_ostream<_CharT, _Traits>::__ostream_type = std::basic_ostream<char>]
       operator<<(const void* __p)
       ^~~~~~~~
/usr/include/c++/6/ostream:245:7: note:   no known conversion for argument 1 from ‘DJI::OSDK::Telemetry::GlobalPosition’ to ‘const void*’
In file included from /usr/include/c++/6/ostream:638:0,
                 from /usr/include/c++/6/iostream:39,
                 from test.cpp:13:
/usr/include/c++/6/bits/ostream.tcc:119:5: note: candidate: std::basic_ostream<_CharT, _Traits>& std::basic_ostream<_CharT, _Traits>::operator<<(std::basic_ostream<_CharT, _Traits>::__streambuf_type*) [with _CharT = char; _Traits = std::char_traits<char>; std::basic_ostream<_CharT, _Traits>::__streambuf_type = std::basic_streambuf<char>]
     basic_ostream<_CharT, _Traits>::
     ^~~~~~~~~~~~~~~~~~~~~~~~~~~~~~
/usr/include/c++/6/bits/ostream.tcc:119:5: note:   no known conversion for argument 1 from ‘DJI::OSDK::Telemetry::GlobalPosition’ to ‘std::basic_ostream<char>::__streambuf_type* {aka std::basic_streambuf<char>*}’
In file included from /usr/include/c++/6/string:52:0,
                 from /usr/include/c++/6/stdexcept:39,
                 from /usr/include/c++/6/array:39,
                 from /usr/include/c++/6/tuple:39,
                 from /usr/include/c++/6/bits/stl_map.h:63,
                 from /usr/include/c++/6/map:61,
                 from /usr/local/include/djiosdk/dji_ack.hpp:38,
                 from /usr/local/include/djiosdk/dji_open_protocol.hpp:33,
                 from /usr/local/include/djiosdk/dji_vehicle_callback.hpp:32,
                 from /usr/local/include/djiosdk/dji_broadcast.hpp:34,
                 from /usr/local/include/djiosdk/dji_vehicle.hpp:35,
                 from test.cpp:12:
/usr/include/c++/6/bits/basic_string.h:5340:5: note: candidate: template<class _CharT, class _Traits, class _Alloc> std::basic_ostream<_CharT, _Traits>& std::operator<<(std::basic_ostream<_CharT, _Traits>&, const std::__cxx11::basic_string<_CharT, _Traits, _Alloc>&)
     operator<<(basic_ostream<_CharT, _Traits>& __os,
     ^~~~~~~~
/usr/include/c++/6/bits/basic_string.h:5340:5: note:   template argument deduction/substitution failed:
test.cpp:43:9: note:   ‘DJI::OSDK::Telemetry::GlobalPosition’ is not derived from ‘const std::__cxx11::basic_string<_CharT, _Traits, _Alloc>’
 cout << currentPosition <<endl;
         ^~~~~~~~~~~~~~~
In file included from /usr/include/c++/6/bits/ios_base.h:46:0,
                 from /usr/include/c++/6/ios:42,
                 from /usr/include/c++/6/ostream:38,
                 from /usr/include/c++/6/iostream:39,
                 from test.cpp:13:
/usr/include/c++/6/system_error:209:5: note: candidate: template<class _CharT, class _Traits> std::basic_ostream<_CharT, _Traits>& std::operator<<(std::basic_ostream<_CharT, _Traits>&, const std::error_code&)
     operator<<(basic_ostream<_CharT, _Traits>& __os, const error_code& __e)
     ^~~~~~~~
/usr/include/c++/6/system_error:209:5: note:   template argument deduction/substitution failed:
test.cpp:43:9: note:   cannot convert ‘currentPosition’ (type ‘DJI::OSDK::Telemetry::GlobalPosition’) to type ‘const std::error_code&’
 cout << currentPosition <<endl;
         ^~~~~~~~~~~~~~~
In file included from /usr/include/c++/6/iostream:39:0,
                 from test.cpp:13:
/usr/include/c++/6/ostream:497:5: note: candidate: template<class _CharT, class _Traits> std::basic_ostream<_CharT, _Traits>& std::operator<<(std::basic_ostream<_CharT, _Traits>&, _CharT)
     operator<<(basic_ostream<_CharT, _Traits>& __out, _CharT __c)
     ^~~~~~~~
/usr/include/c++/6/ostream:497:5: note:   template argument deduction/substitution failed:
test.cpp:43:9: note:   deduced conflicting types for parameter ‘_CharT’ (‘char’ and ‘DJI::OSDK::Telemetry::GlobalPosition’)
 cout << currentPosition <<endl;
         ^~~~~~~~~~~~~~~
In file included from /usr/include/c++/6/iostream:39:0,
                 from test.cpp:13:
/usr/include/c++/6/ostream:502:5: note: candidate: template<class _CharT, class _Traits> std::basic_ostream<_CharT, _Traits>& std::operator<<(std::basic_ostream<_CharT, _Traits>&, char)
     operator<<(basic_ostream<_CharT, _Traits>& __out, char __c)
     ^~~~~~~~
/usr/include/c++/6/ostream:502:5: note:   template argument deduction/substitution failed:
test.cpp:43:9: note:   cannot convert ‘currentPosition’ (type ‘DJI::OSDK::Telemetry::GlobalPosition’) to type ‘char’
 cout << currentPosition <<endl;
         ^~~~~~~~~~~~~~~
In file included from /usr/include/c++/6/iostream:39:0,
                 from test.cpp:13:
/usr/include/c++/6/ostream:508:5: note: candidate: template<class _Traits> std::basic_ostream<char, _Traits>& std::operator<<(std::basic_ostream<char, _Traits>&, char)
     operator<<(basic_ostream<char, _Traits>& __out, char __c)
     ^~~~~~~~
/usr/include/c++/6/ostream:508:5: note:   template argument deduction/substitution failed:
test.cpp:43:9: note:   cannot convert ‘currentPosition’ (type ‘DJI::OSDK::Telemetry::GlobalPosition’) to type ‘char’
 cout << currentPosition <<endl;
         ^~~~~~~~~~~~~~~
In file included from /usr/include/c++/6/iostream:39:0,
                 from test.cpp:13:
/usr/include/c++/6/ostream:514:5: note: candidate: template<class _Traits> std::basic_ostream<char, _Traits>& std::operator<<(std::basic_ostream<char, _Traits>&, signed char)
     operator<<(basic_ostream<char, _Traits>& __out, signed char __c)
     ^~~~~~~~
/usr/include/c++/6/ostream:514:5: note:   template argument deduction/substitution failed:
test.cpp:43:9: note:   cannot convert ‘currentPosition’ (type ‘DJI::OSDK::Telemetry::GlobalPosition’) to type ‘signed char’
 cout << currentPosition <<endl;
         ^~~~~~~~~~~~~~~
In file included from /usr/include/c++/6/iostream:39:0,
                 from test.cpp:13:
/usr/include/c++/6/ostream:519:5: note: candidate: template<class _Traits> std::basic_ostream<char, _Traits>& std::operator<<(std::basic_ostream<char, _Traits>&, unsigned char)
     operator<<(basic_ostream<char, _Traits>& __out, unsigned char __c)
     ^~~~~~~~
/usr/include/c++/6/ostream:519:5: note:   template argument deduction/substitution failed:
test.cpp:43:9: note:   cannot convert ‘currentPosition’ (type ‘DJI::OSDK::Telemetry::GlobalPosition’) to type ‘unsigned char’
 cout << currentPosition <<endl;
         ^~~~~~~~~~~~~~~
In file included from /usr/include/c++/6/iostream:39:0,
                 from test.cpp:13:
/usr/include/c++/6/ostream:539:5: note: candidate: template<class _CharT, class _Traits> std::basic_ostream<_CharT, _Traits>& std::operator<<(std::basic_ostream<_CharT, _Traits>&, const _CharT*)
     operator<<(basic_ostream<_CharT, _Traits>& __out, const _CharT* __s)
     ^~~~~~~~
/usr/include/c++/6/ostream:539:5: note:   template argument deduction/substitution failed:
test.cpp:43:9: note:   mismatched types ‘const _CharT*’ and ‘DJI::OSDK::Telemetry::GlobalPosition’
 cout << currentPosition <<endl;
         ^~~~~~~~~~~~~~~
In file included from /usr/include/c++/6/ostream:638:0,
                 from /usr/include/c++/6/iostream:39,
                 from test.cpp:13:
/usr/include/c++/6/bits/ostream.tcc:321:5: note: candidate: template<class _CharT, class _Traits> std::basic_ostream<_CharT, _Traits>& std::operator<<(std::basic_ostream<_CharT, _Traits>&, const char*)
     operator<<(basic_ostream<_CharT, _Traits>& __out, const char* __s)
     ^~~~~~~~
/usr/include/c++/6/bits/ostream.tcc:321:5: note:   template argument deduction/substitution failed:
test.cpp:43:9: note:   cannot convert ‘currentPosition’ (type ‘DJI::OSDK::Telemetry::GlobalPosition’) to type ‘const char*’
 cout << currentPosition <<endl;
         ^~~~~~~~~~~~~~~
In file included from /usr/include/c++/6/iostream:39:0,
                 from test.cpp:13:
/usr/include/c++/6/ostream:556:5: note: candidate: template<class _Traits> std::basic_ostream<char, _Traits>& std::operator<<(std::basic_ostream<char, _Traits>&, const char*)
     operator<<(basic_ostream<char, _Traits>& __out, const char* __s)
     ^~~~~~~~
/usr/include/c++/6/ostream:556:5: note:   template argument deduction/substitution failed:
test.cpp:43:9: note:   cannot convert ‘currentPosition’ (type ‘DJI::OSDK::Telemetry::GlobalPosition’) to type ‘const char*’
 cout << currentPosition <<endl;
         ^~~~~~~~~~~~~~~
In file included from /usr/include/c++/6/iostream:39:0,
                 from test.cpp:13:
/usr/include/c++/6/ostream:569:5: note: candidate: template<class _Traits> std::basic_ostream<char, _Traits>& std::operator<<(std::basic_ostream<char, _Traits>&, const signed char*)
     operator<<(basic_ostream<char, _Traits>& __out, const signed char* __s)
     ^~~~~~~~
/usr/include/c++/6/ostream:569:5: note:   template argument deduction/substitution failed:
test.cpp:43:9: note:   cannot convert ‘currentPosition’ (type ‘DJI::OSDK::Telemetry::GlobalPosition’) to type ‘const signed char*’
 cout << currentPosition <<endl;
         ^~~~~~~~~~~~~~~
In file included from /usr/include/c++/6/iostream:39:0,
                 from test.cpp:13:
/usr/include/c++/6/ostream:574:5: note: candidate: template<class _Traits> std::basic_ostream<char, _Traits>& std::operator<<(std::basic_ostream<char, _Traits>&, const unsigned char*)
     operator<<(basic_ostream<char, _Traits>& __out, const unsigned char* __s)
     ^~~~~~~~
/usr/include/c++/6/ostream:574:5: note:   template argument deduction/substitution failed:
test.cpp:43:9: note:   cannot convert ‘currentPosition’ (type ‘DJI::OSDK::Telemetry::GlobalPosition’) to type ‘const unsigned char*’
 cout << currentPosition <<endl;
         ^~~~~~~~~~~~~~~
In file included from /usr/include/c++/6/iostream:39:0,
                 from test.cpp:13:
/usr/include/c++/6/ostream:628:5: note: candidate: std::basic_ostream<_CharT, _Traits>& std::operator<<(std::basic_ostream<_CharT, _Traits>&&, const _Tp&) [with _CharT = char; _Traits = std::char_traits<char>; _Tp = DJI::OSDK::Telemetry::GlobalPosition] <near match>
     operator<<(basic_ostream<_CharT, _Traits>&& __os, const _Tp& __x)
     ^~~~~~~~
/usr/include/c++/6/ostream:628:5: note:   conversion of argument 1 would be ill-formed:
test.cpp:43:9: error: cannot bind ‘std::ostream {aka std::basic_ostream<char>}’ lvalue to ‘std::basic_ostream<char>&&’
 cout << currentPosition <<endl;
         ^~~~~~~~~~~~~~~
pi@raspberrypi:~/Onboard-SDK/dji $ g++ test.cpp -ldjiosdk-core -lpthread
test.cpp: In function ‘int main()’:
test.cpp:43:6: error: no match for ‘operator<<’ (operand types are ‘std::ostream {aka std::basic_ostream<char>}’ and ‘DJI::OSDK::Telemetry::GlobalPosition’)
 cout << currentPosition <<endl;
 ~~~~~^~~~~~~~~~~~~~~~~~
In file included from /usr/include/c++/6/iostream:39:0,
                 from test.cpp:13:
/usr/include/c++/6/ostream:108:7: note: candidate: std::basic_ostream<_CharT, _Traits>::__ostream_type& std::basic_ostream<_CharT, _Traits>::operator<<(std::basic_ostream<_CharT, _Traits>::__ostream_type& (*)(std::basic_ostream<_CharT, _Traits>::__ostream_type&)) [with _CharT = char; _Traits = std::char_traits<char>; std::basic_ostream<_CharT, _Traits>::__ostream_type = std::basic_ostream<char>]
       operator<<(__ostream_type& (*__pf)(__ostream_type&))
       ^~~~~~~~
/usr/include/c++/6/ostream:108:7: note:   no known conversion for argument 1 from ‘DJI::OSDK::Telemetry::GlobalPosition’ to ‘std::basic_ostream<char>::__ostream_type& (*)(std::basic_ostream<char>::__ostream_type&) {aka std::basic_ostream<char>& (*)(std::basic_ostream<char>&)}’
/usr/include/c++/6/ostream:117:7: note: candidate: std::basic_ostream<_CharT, _Traits>::__ostream_type& std::basic_ostream<_CharT, _Traits>::operator<<(std::basic_ostream<_CharT, _Traits>::__ios_type& (*)(std::basic_ostream<_CharT, _Traits>::__ios_type&)) [with _CharT = char; _Traits = std::char_traits<char>; std::basic_ostream<_CharT, _Traits>::__ostream_type = std::basic_ostream<char>; std::basic_ostream<_CharT, _Traits>::__ios_type = std::basic_ios<char>]
       operator<<(__ios_type& (*__pf)(__ios_type&))
       ^~~~~~~~
/usr/include/c++/6/ostream:117:7: note:   no known conversion for argument 1 from ‘DJI::OSDK::Telemetry::GlobalPosition’ to ‘std::basic_ostream<char>::__ios_type& (*)(std::basic_ostream<char>::__ios_type&) {aka std::basic_ios<char>& (*)(std::basic_ios<char>&)}’
/usr/include/c++/6/ostream:127:7: note: candidate: std::basic_ostream<_CharT, _Traits>::__ostream_type& std::basic_ostream<_CharT, _Traits>::operator<<(std::ios_base& (*)(std::ios_base&)) [with _CharT = char; _Traits = std::char_traits<char>; std::basic_ostream<_CharT, _Traits>::__ostream_type = std::basic_ostream<char>]
       operator<<(ios_base& (*__pf) (ios_base&))
       ^~~~~~~~
/usr/include/c++/6/ostream:127:7: note:   no known conversion for argument 1 from ‘DJI::OSDK::Telemetry::GlobalPosition’ to ‘std::ios_base& (*)(std::ios_base&)’
/usr/include/c++/6/ostream:166:7: note: candidate: std::basic_ostream<_CharT, _Traits>::__ostream_type& std::basic_ostream<_CharT, _Traits>::operator<<(long int) [with _CharT = char; _Traits = std::char_traits<char>; std::basic_ostream<_CharT, _Traits>::__ostream_type = std::basic_ostream<char>]
       operator<<(long __n)
       ^~~~~~~~
/usr/include/c++/6/ostream:166:7: note:   no known conversion for argument 1 from ‘DJI::OSDK::Telemetry::GlobalPosition’ to ‘long int’
/usr/include/c++/6/ostream:170:7: note: candidate: std::basic_ostream<_CharT, _Traits>::__ostream_type& std::basic_ostream<_CharT, _Traits>::operator<<(long unsigned int) [with _CharT = char; _Traits = std::char_traits<char>; std::basic_ostream<_CharT, _Traits>::__ostream_type = std::basic_ostream<char>]
       operator<<(unsigned long __n)
       ^~~~~~~~
/usr/include/c++/6/ostream:170:7: note:   no known conversion for argument 1 from ‘DJI::OSDK::Telemetry::GlobalPosition’ to ‘long unsigned int’
/usr/include/c++/6/ostream:174:7: note: candidate: std::basic_ostream<_CharT, _Traits>::__ostream_type& std::basic_ostream<_CharT, _Traits>::operator<<(bool) [with _CharT = char; _Traits = std::char_traits<char>; std::basic_ostream<_CharT, _Traits>::__ostream_type = std::basic_ostream<char>]
       operator<<(bool __n)
       ^~~~~~~~
/usr/include/c++/6/ostream:174:7: note:   no known conversion for argument 1 from ‘DJI::OSDK::Telemetry::GlobalPosition’ to ‘bool’
In file included from /usr/include/c++/6/ostream:638:0,
                 from /usr/include/c++/6/iostream:39,
                 from test.cpp:13:
/usr/include/c++/6/bits/ostream.tcc:91:5: note: candidate: std::basic_ostream<_CharT, _Traits>& std::basic_ostream<_CharT, _Traits>::operator<<(short int) [with _CharT = char; _Traits = std::char_traits<char>]
     basic_ostream<_CharT, _Traits>::
     ^~~~~~~~~~~~~~~~~~~~~~~~~~~~~~
/usr/include/c++/6/bits/ostream.tcc:91:5: note:   no known conversion for argument 1 from ‘DJI::OSDK::Telemetry::GlobalPosition’ to ‘short int’
In file included from /usr/include/c++/6/iostream:39:0,
                 from test.cpp:13:
/usr/include/c++/6/ostream:181:7: note: candidate: std::basic_ostream<_CharT, _Traits>::__ostream_type& std::basic_ostream<_CharT, _Traits>::operator<<(short unsigned int) [with _CharT = char; _Traits = std::char_traits<char>; std::basic_ostream<_CharT, _Traits>::__ostream_type = std::basic_ostream<char>]
       operator<<(unsigned short __n)
       ^~~~~~~~
/usr/include/c++/6/ostream:181:7: note:   no known conversion for argument 1 from ‘DJI::OSDK::Telemetry::GlobalPosition’ to ‘short unsigned int’
In file included from /usr/include/c++/6/ostream:638:0,
                 from /usr/include/c++/6/iostream:39,
                 from test.cpp:13:
/usr/include/c++/6/bits/ostream.tcc:105:5: note: candidate: std::basic_ostream<_CharT, _Traits>& std::basic_ostream<_CharT, _Traits>::operator<<(int) [with _CharT = char; _Traits = std::char_traits<char>]
     basic_ostream<_CharT, _Traits>::
     ^~~~~~~~~~~~~~~~~~~~~~~~~~~~~~
/usr/include/c++/6/bits/ostream.tcc:105:5: note:   no known conversion for argument 1 from ‘DJI::OSDK::Telemetry::GlobalPosition’ to ‘int’
In file included from /usr/include/c++/6/iostream:39:0,
                 from test.cpp:13:
/usr/include/c++/6/ostream:192:7: note: candidate: std::basic_ostream<_CharT, _Traits>::__ostream_type& std::basic_ostream<_CharT, _Traits>::operator<<(unsigned int) [with _CharT = char; _Traits = std::char_traits<char>; std::basic_ostream<_CharT, _Traits>::__ostream_type = std::basic_ostream<char>]
       operator<<(unsigned int __n)
       ^~~~~~~~
/usr/include/c++/6/ostream:192:7: note:   no known conversion for argument 1 from ‘DJI::OSDK::Telemetry::GlobalPosition’ to ‘unsigned int’
/usr/include/c++/6/ostream:201:7: note: candidate: std::basic_ostream<_CharT, _Traits>::__ostream_type& std::basic_ostream<_CharT, _Traits>::operator<<(long long int) [with _CharT = char; _Traits = std::char_traits<char>; std::basic_ostream<_CharT, _Traits>::__ostream_type = std::basic_ostream<char>]
       operator<<(long long __n)
       ^~~~~~~~
/usr/include/c++/6/ostream:201:7: note:   no known conversion for argument 1 from ‘DJI::OSDK::Telemetry::GlobalPosition’ to ‘long long int’
/usr/include/c++/6/ostream:205:7: note: candidate: std::basic_ostream<_CharT, _Traits>::__ostream_type& std::basic_ostream<_CharT, _Traits>::operator<<(long long unsigned int) [with _CharT = char; _Traits = std::char_traits<char>; std::basic_ostream<_CharT, _Traits>::__ostream_type = std::basic_ostream<char>]
       operator<<(unsigned long long __n)
       ^~~~~~~~
/usr/include/c++/6/ostream:205:7: note:   no known conversion for argument 1 from ‘DJI::OSDK::Telemetry::GlobalPosition’ to ‘long long unsigned int’
/usr/include/c++/6/ostream:220:7: note: candidate: std::basic_ostream<_CharT, _Traits>::__ostream_type& std::basic_ostream<_CharT, _Traits>::operator<<(double) [with _CharT = char; _Traits = std::char_traits<char>; std::basic_ostream<_CharT, _Traits>::__ostream_type = std::basic_ostream<char>]
       operator<<(double __f)
       ^~~~~~~~
/usr/include/c++/6/ostream:220:7: note:   no known conversion for argument 1 from ‘DJI::OSDK::Telemetry::GlobalPosition’ to ‘double’
/usr/include/c++/6/ostream:224:7: note: candidate: std::basic_ostream<_CharT, _Traits>::__ostream_type& std::basic_ostream<_CharT, _Traits>::operator<<(float) [with _CharT = char; _Traits = std::char_traits<char>; std::basic_ostream<_CharT, _Traits>::__ostream_type = std::basic_ostream<char>]
       operator<<(float __f)
       ^~~~~~~~
/usr/include/c++/6/ostream:224:7: note:   no known conversion for argument 1 from ‘DJI::OSDK::Telemetry::GlobalPosition’ to ‘float’
/usr/include/c++/6/ostream:232:7: note: candidate: std::basic_ostream<_CharT, _Traits>::__ostream_type& std::basic_ostream<_CharT, _Traits>::operator<<(long double) [with _CharT = char; _Traits = std::char_traits<char>; std::basic_ostream<_CharT, _Traits>::__ostream_type = std::basic_ostream<char>]
       operator<<(long double __f)
       ^~~~~~~~
/usr/include/c++/6/ostream:232:7: note:   no known conversion for argument 1 from ‘DJI::OSDK::Telemetry::GlobalPosition’ to ‘long double’
/usr/include/c++/6/ostream:245:7: note: candidate: std::basic_ostream<_CharT, _Traits>::__ostream_type& std::basic_ostream<_CharT, _Traits>::operator<<(const void*) [with _CharT = char; _Traits = std::char_traits<char>; std::basic_ostream<_CharT, _Traits>::__ostream_type = std::basic_ostream<char>]
       operator<<(const void* __p)
       ^~~~~~~~
/usr/include/c++/6/ostream:245:7: note:   no known conversion for argument 1 from ‘DJI::OSDK::Telemetry::GlobalPosition’ to ‘const void*’
In file included from /usr/include/c++/6/ostream:638:0,
                 from /usr/include/c++/6/iostream:39,
                 from test.cpp:13:
/usr/include/c++/6/bits/ostream.tcc:119:5: note: candidate: std::basic_ostream<_CharT, _Traits>& std::basic_ostream<_CharT, _Traits>::operator<<(std::basic_ostream<_CharT, _Traits>::__streambuf_type*) [with _CharT = char; _Traits = std::char_traits<char>; std::basic_ostream<_CharT, _Traits>::__streambuf_type = std::basic_streambuf<char>]
     basic_ostream<_CharT, _Traits>::
     ^~~~~~~~~~~~~~~~~~~~~~~~~~~~~~
/usr/include/c++/6/bits/ostream.tcc:119:5: note:   no known conversion for argument 1 from ‘DJI::OSDK::Telemetry::GlobalPosition’ to ‘std::basic_ostream<char>::__streambuf_type* {aka std::basic_streambuf<char>*}’
In file included from /usr/include/c++/6/string:52:0,
                 from /usr/include/c++/6/stdexcept:39,
                 from /usr/include/c++/6/array:39,
                 from /usr/include/c++/6/tuple:39,
                 from /usr/include/c++/6/bits/stl_map.h:63,
                 from /usr/include/c++/6/map:61,
                 from /usr/local/include/djiosdk/dji_ack.hpp:38,
                 from /usr/local/include/djiosdk/dji_open_protocol.hpp:33,
                 from /usr/local/include/djiosdk/dji_vehicle_callback.hpp:32,
                 from /usr/local/include/djiosdk/dji_broadcast.hpp:34,
                 from /usr/local/include/djiosdk/dji_vehicle.hpp:35,
                 from test.cpp:12:
/usr/include/c++/6/bits/basic_string.h:5340:5: note: candidate: template<class _CharT, class _Traits, class _Alloc> std::basic_ostream<_CharT, _Traits>& std::operator<<(std::basic_ostream<_CharT, _Traits>&, const std::__cxx11::basic_string<_CharT, _Traits, _Alloc>&)
     operator<<(basic_ostream<_CharT, _Traits>& __os,
     ^~~~~~~~
/usr/include/c++/6/bits/basic_string.h:5340:5: note:   template argument deduction/substitution failed:
test.cpp:43:9: note:   ‘DJI::OSDK::Telemetry::GlobalPosition’ is not derived from ‘const std::__cxx11::basic_string<_CharT, _Traits, _Alloc>’
 cout << currentPosition <<endl;
         ^~~~~~~~~~~~~~~
In file included from /usr/include/c++/6/bits/ios_base.h:46:0,
                 from /usr/include/c++/6/ios:42,
                 from /usr/include/c++/6/ostream:38,
                 from /usr/include/c++/6/iostream:39,
                 from test.cpp:13:
/usr/include/c++/6/system_error:209:5: note: candidate: template<class _CharT, class _Traits> std::basic_ostream<_CharT, _Traits>& std::operator<<(std::basic_ostream<_CharT, _Traits>&, const std::error_code&)
     operator<<(basic_ostream<_CharT, _Traits>& __os, const error_code& __e)
     ^~~~~~~~
/usr/include/c++/6/system_error:209:5: note:   template argument deduction/substitution failed:
test.cpp:43:9: note:   cannot convert ‘currentPosition’ (type ‘DJI::OSDK::Telemetry::GlobalPosition’) to type ‘const std::error_code&’
 cout << currentPosition <<endl;
         ^~~~~~~~~~~~~~~
In file included from /usr/include/c++/6/iostream:39:0,
                 from test.cpp:13:
/usr/include/c++/6/ostream:497:5: note: candidate: template<class _CharT, class _Traits> std::basic_ostream<_CharT, _Traits>& std::operator<<(std::basic_ostream<_CharT, _Traits>&, _CharT)
     operator<<(basic_ostream<_CharT, _Traits>& __out, _CharT __c)
     ^~~~~~~~
/usr/include/c++/6/ostream:497:5: note:   template argument deduction/substitution failed:
test.cpp:43:9: note:   deduced conflicting types for parameter ‘_CharT’ (‘char’ and ‘DJI::OSDK::Telemetry::GlobalPosition’)
 cout << currentPosition <<endl;
         ^~~~~~~~~~~~~~~
In file included from /usr/include/c++/6/iostream:39:0,
                 from test.cpp:13:
/usr/include/c++/6/ostream:502:5: note: candidate: template<class _CharT, class _Traits> std::basic_ostream<_CharT, _Traits>& std::operator<<(std::basic_ostream<_CharT, _Traits>&, char)
     operator<<(basic_ostream<_CharT, _Traits>& __out, char __c)
     ^~~~~~~~
/usr/include/c++/6/ostream:502:5: note:   template argument deduction/substitution failed:
test.cpp:43:9: note:   cannot convert ‘currentPosition’ (type ‘DJI::OSDK::Telemetry::GlobalPosition’) to type ‘char’
 cout << currentPosition <<endl;
         ^~~~~~~~~~~~~~~
In file included from /usr/include/c++/6/iostream:39:0,
                 from test.cpp:13:
/usr/include/c++/6/ostream:508:5: note: candidate: template<class _Traits> std::basic_ostream<char, _Traits>& std::operator<<(std::basic_ostream<char, _Traits>&, char)
     operator<<(basic_ostream<char, _Traits>& __out, char __c)
     ^~~~~~~~
/usr/include/c++/6/ostream:508:5: note:   template argument deduction/substitution failed:
test.cpp:43:9: note:   cannot convert ‘currentPosition’ (type ‘DJI::OSDK::Telemetry::GlobalPosition’) to type ‘char’
 cout << currentPosition <<endl;
         ^~~~~~~~~~~~~~~
In file included from /usr/include/c++/6/iostream:39:0,
                 from test.cpp:13:
/usr/include/c++/6/ostream:514:5: note: candidate: template<class _Traits> std::basic_ostream<char, _Traits>& std::operator<<(std::basic_ostream<char, _Traits>&, signed char)
     operator<<(basic_ostream<char, _Traits>& __out, signed char __c)
     ^~~~~~~~
/usr/include/c++/6/ostream:514:5: note:   template argument deduction/substitution failed:
test.cpp:43:9: note:   cannot convert ‘currentPosition’ (type ‘DJI::OSDK::Telemetry::GlobalPosition’) to type ‘signed char’
 cout << currentPosition <<endl;
         ^~~~~~~~~~~~~~~
In file included from /usr/include/c++/6/iostream:39:0,
                 from test.cpp:13:
/usr/include/c++/6/ostream:519:5: note: candidate: template<class _Traits> std::basic_ostream<char, _Traits>& std::operator<<(std::basic_ostream<char, _Traits>&, unsigned char)
     operator<<(basic_ostream<char, _Traits>& __out, unsigned char __c)
     ^~~~~~~~
/usr/include/c++/6/ostream:519:5: note:   template argument deduction/substitution failed:
test.cpp:43:9: note:   cannot convert ‘currentPosition’ (type ‘DJI::OSDK::Telemetry::GlobalPosition’) to type ‘unsigned char’
 cout << currentPosition <<endl;
         ^~~~~~~~~~~~~~~
In file included from /usr/include/c++/6/iostream:39:0,
                 from test.cpp:13:
/usr/include/c++/6/ostream:539:5: note: candidate: template<class _CharT, class _Traits> std::basic_ostream<_CharT, _Traits>& std::operator<<(std::basic_ostream<_CharT, _Traits>&, const _CharT*)
     operator<<(basic_ostream<_CharT, _Traits>& __out, const _CharT* __s)
     ^~~~~~~~
/usr/include/c++/6/ostream:539:5: note:   template argument deduction/substitution failed:
test.cpp:43:9: note:   mismatched types ‘const _CharT*’ and ‘DJI::OSDK::Telemetry::GlobalPosition’
 cout << currentPosition <<endl;
         ^~~~~~~~~~~~~~~
In file included from /usr/include/c++/6/ostream:638:0,
                 from /usr/include/c++/6/iostream:39,
                 from test.cpp:13:
/usr/include/c++/6/bits/ostream.tcc:321:5: note: candidate: template<class _CharT, class _Traits> std::basic_ostream<_CharT, _Traits>& std::operator<<(std::basic_ostream<_CharT, _Traits>&, const char*)
     operator<<(basic_ostream<_CharT, _Traits>& __out, const char* __s)
     ^~~~~~~~
/usr/include/c++/6/bits/ostream.tcc:321:5: note:   template argument deduction/substitution failed:
test.cpp:43:9: note:   cannot convert ‘currentPosition’ (type ‘DJI::OSDK::Telemetry::GlobalPosition’) to type ‘const char*’
 cout << currentPosition <<endl;
         ^~~~~~~~~~~~~~~
In file included from /usr/include/c++/6/iostream:39:0,
                 from test.cpp:13:
/usr/include/c++/6/ostream:556:5: note: candidate: template<class _Traits> std::basic_ostream<char, _Traits>& std::operator<<(std::basic_ostream<char, _Traits>&, const char*)
     operator<<(basic_ostream<char, _Traits>& __out, const char* __s)
     ^~~~~~~~
/usr/include/c++/6/ostream:556:5: note:   template argument deduction/substitution failed:
test.cpp:43:9: note:   cannot convert ‘currentPosition’ (type ‘DJI::OSDK::Telemetry::GlobalPosition’) to type ‘const char*’
 cout << currentPosition <<endl;
         ^~~~~~~~~~~~~~~
In file included from /usr/include/c++/6/iostream:39:0,
                 from test.cpp:13:
/usr/include/c++/6/ostream:569:5: note: candidate: template<class _Traits> std::basic_ostream<char, _Traits>& std::operator<<(std::basic_ostream<char, _Traits>&, const signed char*)
     operator<<(basic_ostream<char, _Traits>& __out, const signed char* __s)
     ^~~~~~~~
/usr/include/c++/6/ostream:569:5: note:   template argument deduction/substitution failed:
test.cpp:43:9: note:   cannot convert ‘currentPosition’ (type ‘DJI::OSDK::Telemetry::GlobalPosition’) to type ‘const signed char*’
 cout << currentPosition <<endl;
         ^~~~~~~~~~~~~~~
In file included from /usr/include/c++/6/iostream:39:0,
                 from test.cpp:13:
/usr/include/c++/6/ostream:574:5: note: candidate: template<class _Traits> std::basic_ostream<char, _Traits>& std::operator<<(std::basic_ostream<char, _Traits>&, const unsigned char*)
     operator<<(basic_ostream<char, _Traits>& __out, const unsigned char* __s)
     ^~~~~~~~
/usr/include/c++/6/ostream:574:5: note:   template argument deduction/substitution failed:
test.cpp:43:9: note:   cannot convert ‘currentPosition’ (type ‘DJI::OSDK::Telemetry::GlobalPosition’) to type ‘const unsigned char*’
 cout << currentPosition <<endl;
         ^~~~~~~~~~~~~~~
In file included from /usr/include/c++/6/iostream:39:0,
                 from test.cpp:13:
/usr/include/c++/6/ostream:628:5: note: candidate: std::basic_ostream<_CharT, _Traits>& std::operator<<(std::basic_ostream<_CharT, _Traits>&&, const _Tp&) [with _CharT = char; _Traits = std::char_traits<char>; _Tp = DJI::OSDK::Telemetry::GlobalPosition] <near match>
     operator<<(basic_ostream<_CharT, _Traits>&& __os, const _Tp& __x)
     ^~~~~~~~
/usr/include/c++/6/ostream:628:5: note:   conversion of argument 1 would be ill-formed:
test.cpp:43:9: error: cannot bind ‘std::ostream {aka std::basic_ostream<char>}’ lvalue to ‘std::basic_ostream<char>&&’
 cout << currentPosition <<endl;
         ^~~~~~~~~~~~~~~
pi@raspberrypi:~/Onboard-SDK/dji $ ./a.out

STATUS/1 @ init, L55: Attempting to open device /dev/ttyAMA0 with baudrate 230400...

STATUS/1 @ init, L65: ...Serial started successfully.

STATUS/1 @ parseDroneVersionInfo, L687: Device Serial No. = 041DE52321

STATUS/1 @ parseDroneVersionInfo, L689: Hardware = M100

STATUS/1 @ parseDroneVersionInfo, L690: Firmware = 3.1.10.0

STATUS/1 @ parseDroneVersionInfo, L693: Version CRC = 0xA6453AAC
M100
pi@raspberrypi:~/Onboard-SDK/dji $ ./a.out

STATUS/1 @ init, L55: Attempting to open device /dev/ttyAMA0 with baudrate 23040

STATUS/1 @ init, L65: ...Serial started successfully.

ERRORLOG/1 @ getDroneVersion, L1339: Drone version not obtained! Please do not p
Possible reasons:
        Serial port connection:
                * SDK is not enabled, please check DJI Assistant2 -> SDK -> [v]
                * Baudrate is not correct, please double-check from DJI Assistan
                * TX and RX pins are inverted.
                * Serial port is occupied by another program.
                * Permission required. Please do 'sudo usermod -a -G dialout $US
¦
pi@raspberrypi:~/Onboard-SDK/dji $ g++ test.cpp -ldjiosdk-core -lpthread
test.cpp:24:33: error: stray ‘\357’ in program
  cout << currentPosition << endl¦¦¦
                                 ^
test.cpp:24:34: error: stray ‘\274’ in program
  cout << currentPosition << endl¦¦¦
                                  ^
test.cpp:24:35: error: stray ‘\233’ in program
  cout << currentPosition << endl¦¦
                                   ^
test.cpp: In function ‘int main()’:
test.cpp:24:7: error: no match for ‘operator<<’ (operand types are ‘std::ostream
  cout << currentPosition << endl;
  ~~~~~^~~~~~~~~~~~~~~~~~
In file included from /usr/include/c++/6/iostream:39:0,
                 from test.cpp:5:
/usr/include/c++/6/ostream:108:7: note: candidate: std::basic_ostream<_CharT, _T__ostream_type& (*)(std::basic_ostream<_CharT, _Traits>::__ostream_type&)) [withbasic_ostream<char>]
       operator<<(__ostream_type& (*__pf)(__ostream_type&))
       ^~~~~~~~
/usr/include/c++/6/ostream:108:7: note:   no known conversion for argument 1 fro<char>::__ostream_type&) {aka std::basic_ostream<char>& (*)(std::basic_ostream<c
/usr/include/c++/6/ostream:117:7: note: candidate: std::basic_ostream<_CharT, _T__ios_type& (*)(std::basic_ostream<_CharT, _Traits>::__ios_type&)) [with _CharT tream<char>; std::basic_ostream<_CharT, _Traits>::__ios_type = std::basic_ios<ch
       operator<<(__ios_type& (*__pf)(__ios_type&))
       ^~~~~~~~
/usr/include/c++/6/ostream:117:7: note:   no known conversion for argument 1 fror>::__ios_type&) {aka std::basic_ios<char>& (*)(std::basic_ios<char>&)}’
/usr/include/c++/6/ostream:127:7: note: candidate: std::basic_ostream<_CharT, _Twith _CharT = char; _Traits = std::char_traits<char>; std::basic_ostream<_CharT,
       operator<<(ios_base& (*__pf) (ios_base&))
       ^~~~~~~~
/usr/include/c++/6/ostream:127:7: note:   no known conversion for argument 1 fro
/usr/include/c++/6/ostream:166:7: note: candidate: std::basic_ostream<_CharT, _Ts = std::char_traits<char>; std::basic_ostream<_CharT, _Traits>::__ostream_type
       operator<<(long __n)
       ^~~~~~~~
/usr/include/c++/6/ostream:166:7: note:   no known conversion for argument 1 fro
/usr/include/c++/6/ostream:170:7: note: candidate: std::basic_ostream<_CharT, _Tr; _Traits = std::char_traits<char>; std::basic_ostream<_CharT, _Traits>::__ostr
       operator<<(unsigned long __n)
       ^~~~~~~~
/usr/include/c++/6/ostream:170:7: note:   no known conversion for argument 1 fro
/usr/include/c++/6/ostream:174:7: note: candidate: std::basic_ostream<_CharT, _Tstd::char_traits<char>; std::basic_ostream<_CharT, _Traits>::__ostream_type = st
       operator<<(bool __n)
       ^~~~~~~~
/usr/include/c++/6/ostream:174:7: note:   no known conversion for argument 1 fro
In file included from /usr/include/c++/6/ostream:638:0,
                 from /usr/include/c++/6/iostream:39,
                 from test.cpp:5:
/usr/include/c++/6/bits/ostream.tcc:91:5: note: candidate: std::basic_ostream<_C::char_traits<char>]
     basic_ostream<_CharT, _Traits>::
     ^~~~~~~~~~~~~~~~~~~~~~~~~~~~~~
/usr/include/c++/6/bits/ostream.tcc:91:5: note:   no known conversion for argume
In file included from /usr/include/c++/6/iostream:39:0,
                 from test.cpp:5:
/usr/include/c++/6/ostream:181:7: note: candidate: std::basic_ostream<_CharT, _Tar; _Traits = std::char_traits<char>; std::basic_ostream<_CharT, _Traits>::__ost
       operator<<(unsigned short __n)
       ^~~~~~~~
/usr/include/c++/6/ostream:181:7: note:   no known conversion for argument 1 fro
In file included from /usr/include/c++/6/ostream:638:0,
                 from /usr/include/c++/6/iostream:39,
                 from test.cpp:5:
/usr/include/c++/6/bits/ostream.tcc:105:5: note: candidate: std::basic_ostream<_r_traits<char>]
     basic_ostream<_CharT, _Traits>::
     ^~~~~~~~~~~~~~~~~~~~~~~~~~~~~~
/usr/include/c++/6/bits/ostream.tcc:105:5: note:   no known conversion for argum
In file included from /usr/include/c++/6/iostream:39:0,
                 from test.cpp:5:
/usr/include/c++/6/ostream:192:7: note: candidate: std::basic_ostream<_CharT, _Traits = std::char_traits<char>; std::basic_ostream<_CharT, _Traits>::__ostream_t
       operator<<(unsigned int __n)
       ^~~~~~~~
/usr/include/c++/6/ostream:192:7: note:   no known conversion for argument 1 fro
/usr/include/c++/6/ostream:201:7: note: candidate: std::basic_ostream<_CharT, _TTraits = std::char_traits<char>; std::basic_ostream<_CharT, _Traits>::__ostream_
       operator<<(long long __n)
       ^~~~~~~~
/usr/include/c++/6/ostream:201:7: note:   no known conversion for argument 1 fro
/usr/include/c++/6/ostream:205:7: note: candidate: std::basic_ostream<_CharT, _T= char; _Traits = std::char_traits<char>; std::basic_ostream<_CharT, _Traits>::_
       operator<<(unsigned long long __n)
       ^~~~~~~~
/usr/include/c++/6/ostream:205:7: note:   no known conversion for argument 1 fro
/usr/include/c++/6/ostream:220:7: note: candidate: std::basic_ostream<_CharT, _T= std::char_traits<char>; std::basic_ostream<_CharT, _Traits>::__ostream_type =
       operator<<(double __f)
       ^~~~~~~~
/usr/include/c++/6/ostream:220:7: note:   no known conversion for argument 1 fro
/usr/include/c++/6/ostream:224:7: note: candidate: std::basic_ostream<_CharT, _T std::char_traits<char>; std::basic_ostream<_CharT, _Traits>::__ostream_type = s
       operator<<(float __f)
       ^~~~~~~~
/usr/include/c++/6/ostream:224:7: note:   no known conversion for argument 1 fro
/usr/include/c++/6/ostream:232:7: note: candidate: std::basic_ostream<_CharT, _Taits = std::char_traits<char>; std::basic_ostream<_CharT, _Traits>::__ostream_ty
       operator<<(long double __f)
       ^~~~~~~~
/usr/include/c++/6/ostream:232:7: note:   no known conversion for argument 1 fro
/usr/include/c++/6/ostream:245:7: note: candidate: std::basic_ostream<_CharT, _Taits = std::char_traits<char>; std::basic_ostream<_CharT, _Traits>::__ostream_ty
       operator<<(const void* __p)
       ^~~~~~~~
/usr/include/c++/6/ostream:245:7: note:   no known conversion for argument 1 fro
In file included from /usr/include/c++/6/ostream:638:0,
                 from /usr/include/c++/6/iostream:39,
                 from test.cpp:5:
/usr/include/c++/6/bits/ostream.tcc:119:5: note: candidate: std::basic_ostream<_mbuf_type*) [with _CharT = char; _Traits = std::char_traits<char>; std::basic_os
     basic_ostream<_CharT, _Traits>::
     ^~~~~~~~~~~~~~~~~~~~~~~~~~~~~~
/usr/include/c++/6/bits/ostream.tcc:119:5: note:   no known conversion for argumasic_streambuf<char>*}’
In file included from /usr/include/c++/6/string:52:0,
                 from /usr/include/c++/6/stdexcept:39,
                 from /usr/include/c++/6/array:39,
                 from /usr/include/c++/6/tuple:39,
                 from /usr/include/c++/6/bits/stl_map.h:63,
                 from /usr/include/c++/6/map:61,
                 from /usr/local/include/djiosdk/dji_ack.hpp:38,
                 from /usr/local/include/djiosdk/dji_open_protocol.hpp:33,
                 from /usr/local/include/djiosdk/dji_vehicle_callback.hpp:32,
                 from /usr/local/include/djiosdk/dji_broadcast.hpp:34,
                 from /usr/local/include/djiosdk/dji_vehicle.hpp:35,
                 from test.cpp:4:
/usr/include/c++/6/bits/basic_string.h:5340:5: note: candidate: template<class _CharT, _Traits>&, const std::__cxx11::basic_string<_CharT, _Traits, _Alloc>&)
     operator<<(basic_ostream<_CharT, _Traits>& __os,
     ^~~~~~~~
/usr/include/c++/6/bits/basic_string.h:5340:5: note:   template argument deducti
test.cpp:24:10: note:   ‘DJI::OSDK::Telemetry::GlobalPosition’ is not derived fr
  cout << currentPosition << endl;
          ^~~~~~~~~~~~~~~
In file included from /usr/include/c++/6/bits/ios_base.h:46:0,
                 from /usr/include/c++/6/ios:42,
                 from /usr/include/c++/6/ostream:38,
                 from /usr/include/c++/6/iostream:39,
                 from test.cpp:5:
/usr/include/c++/6/system_error:209:5: note: candidate: template<class _CharT, ct std::error_code&)
     operator<<(basic_ostream<_CharT, _Traits>& __os, const error_code& __e)
     ^~~~~~~~
/usr/include/c++/6/system_error:209:5: note:   template argument deduction/subst
test.cpp:24:10: note:   cannot convert ‘currentPosition’ (type ‘DJI::OSDK::Telem
  cout << currentPosition << endl;
          ^~~~~~~~~~~~~~~
In file included from /usr/include/c++/6/iostream:39:0,
                 from test.cpp:5:
/usr/include/c++/6/ostream:497:5: note: candidate: template<class _CharT, class
     operator<<(basic_ostream<_CharT, _Traits>& __out, _CharT __c)
     ^~~~~~~~
/usr/include/c++/6/ostream:497:5: note:   template argument deduction/substituti
test.cpp:24:10: note:   deduced conflicting types for parameter ‘_CharT’ (‘char’
  cout << currentPosition << endl;
          ^~~~~~~~~~~~~~~
In file included from /usr/include/c++/6/iostream:39:0,
                 from test.cpp:5:
/usr/include/c++/6/ostream:502:5: note: candidate: template<class _CharT, class
     operator<<(basic_ostream<_CharT, _Traits>& __out, char __c)
     ^~~~~~~~
/usr/include/c++/6/ostream:502:5: note:   template argument deduction/substituti
test.cpp:24:10: note:   cannot convert ‘currentPosition’ (type ‘DJI::OSDK::Telem
  cout << currentPosition << endl;
          ^~~~~~~~~~~~~~~
In file included from /usr/include/c++/6/iostream:39:0,
                 from test.cpp:5:
/usr/include/c++/6/ostream:508:5: note: candidate: template<class _Traits> std::
     operator<<(basic_ostream<char, _Traits>& __out, char __c)
     ^~~~~~~~
/usr/include/c++/6/ostream:508:5: note:   template argument deduction/substituti
test.cpp:24:10: note:   cannot convert ‘currentPosition’ (type ‘DJI::OSDK::Telem
  cout << currentPosition << endl;
          ^~~~~~~~~~~~~~~
In file included from /usr/include/c++/6/iostream:39:0,
                 from test.cpp:5:
/usr/include/c++/6/ostream:514:5: note: candidate: template<class _Traits> std::
     operator<<(basic_ostream<char, _Traits>& __out, signed char __c)
     ^~~~~~~~
/usr/include/c++/6/ostream:514:5: note:   template argument deduction/substituti
test.cpp:24:10: note:   cannot convert ‘currentPosition’ (type ‘DJI::OSDK::Telem
  cout << currentPosition << endl;
          ^~~~~~~~~~~~~~~
In file included from /usr/include/c++/6/iostream:39:0,
                 from test.cpp:5:
/usr/include/c++/6/ostream:519:5: note: candidate: template<class _Traits> std::
     operator<<(basic_ostream<char, _Traits>& __out, unsigned char __c)
     ^~~~~~~~
/usr/include/c++/6/ostream:519:5: note:   template argument deduction/substituti
test.cpp:24:10: note:   cannot convert ‘currentPosition’ (type ‘DJI::OSDK::Telem
  cout << currentPosition << endl;
          ^~~~~~~~~~~~~~~
In file included from /usr/include/c++/6/iostream:39:0,
                 from test.cpp:5:
/usr/include/c++/6/ostream:539:5: note: candidate: template<class _CharT, class arT*)
     operator<<(basic_ostream<_CharT, _Traits>& __out, const _CharT* __s)
     ^~~~~~~~
/usr/include/c++/6/ostream:539:5: note:   template argument deduction/substituti
test.cpp:24:10: note:   mismatched types ‘const _CharT*’ and ‘DJI::OSDK::Telemet
  cout << currentPosition << endl;
          ^~~~~~~~~~~~~~~
In file included from /usr/include/c++/6/ostream:638:0,
                 from /usr/include/c++/6/iostream:39,
                 from test.cpp:5:
/usr/include/c++/6/bits/ostream.tcc:321:5: note: candidate: template<class _Charconst char*)
     operator<<(basic_ostream<_CharT, _Traits>& __out, const char* __s)
     ^~~~~~~~
/usr/include/c++/6/bits/ostream.tcc:321:5: note:   template argument deduction/s
test.cpp:24:10: note:   cannot convert ‘currentPosition’ (type ‘DJI::OSDK::Telem
  cout << currentPosition << endl;
          ^~~~~~~~~~~~~~~
In file included from /usr/include/c++/6/iostream:39:0,
                 from test.cpp:5:
/usr/include/c++/6/ostream:556:5: note: candidate: template<class _Traits> std::
     operator<<(basic_ostream<char, _Traits>& __out, const char* __s)
     ^~~~~~~~
/usr/include/c++/6/ostream:556:5: note:   template argument deduction/substituti
test.cpp:24:10: note:   cannot convert ‘currentPosition’ (type ‘DJI::OSDK::Telem
  cout << currentPosition << endl;
          ^~~~~~~~~~~~~~~
In file included from /usr/include/c++/6/iostream:39:0,
                 from test.cpp:5:
/usr/include/c++/6/ostream:569:5: note: candidate: template<class _Traits> std::
     operator<<(basic_ostream<char, _Traits>& __out, const signed char* __s)
     ^~~~~~~~
/usr/include/c++/6/ostream:569:5: note:   template argument deduction/substituti
test.cpp:24:10: note:   cannot convert ‘currentPosition’ (type ‘DJI::OSDK::Telem
  cout << currentPosition << endl;
          ^~~~~~~~~~~~~~~
In file included from /usr/include/c++/6/iostream:39:0,
                 from test.cpp:5:
/usr/include/c++/6/ostream:574:5: note: candidate: template<class _Traits> std::
     operator<<(basic_ostream<char, _Traits>& __out, const unsigned char* __s)
     ^~~~~~~~
/usr/include/c++/6/ostream:574:5: note:   template argument deduction/substituti
test.cpp:24:10: note:   cannot convert ‘currentPosition’ (type ‘DJI::OSDK::Telem
  cout << currentPosition << endl;
          ^~~~~~~~~~~~~~~
In file included from /usr/include/c++/6/iostream:39:0,
                 from test.cpp:5:
/usr/include/c++/6/ostream:628:5: note: candidate: std::basic_ostream<_CharT, _T::char_traits<char>; _Tp = DJI::OSDK::Telemetry::GlobalPosition] <near match>
     operator<<(basic_ostream<_CharT, _Traits>&& __os, const _Tp& __x)
     ^~~~~~~~
/usr/include/c++/6/ostream:628:5: note:   conversion of argument 1 would be ill-
test.cpp:24:10: error: cannot bind ‘std::ostream {aka std::basic_ostream<char>}’
  cout << currentPosition << endl;
          ^~~~~~~~~~~~~~~
pi@raspberrypi:~/Onboard-SDK/dji $ g++ test.cpp -ldjiosdk-core -lpthread
test.cpp:23:32: error: stray ‘\357’ in program
  cout << currentPosition<< endl¦¦¦
                                ^
test.cpp:23:33: error: stray ‘\274’ in program
  cout << currentPosition<< endl¦¦¦
                                 ^
test.cpp:23:34: error: stray ‘\233’ in program
  cout << currentPosition<< endl¦¦
                                  ^
test.cpp: In function ‘int main()’:
test.cpp:23:7: error: no match for ‘operator<<’ (operand types are ‘std::ostream
  cout << currentPosition<< endl;
  ~~~~~^~~~~~~~~~~~~~~~~~
In file included from /usr/include/c++/6/iostream:39:0,
                 from test.cpp:5:
/usr/include/c++/6/ostream:108:7: note: candidate: std::basic_ostream<_CharT, _T__ostream_type& (*)(std::basic_ostream<_CharT, _Traits>::__ostream_type&)) [withbasic_ostream<char>]
       operator<<(__ostream_type& (*__pf)(__ostream_type&))
       ^~~~~~~~
/usr/include/c++/6/ostream:108:7: note:   no known conversion for argument 1 fro<char>::__ostream_type&) {aka std::basic_ostream<char>& (*)(std::basic_ostream<c
/usr/include/c++/6/ostream:117:7: note: candidate: std::basic_ostream<_CharT, _T__ios_type& (*)(std::basic_ostream<_CharT, _Traits>::__ios_type&)) [with _CharT tream<char>; std::basic_ostream<_CharT, _Traits>::__ios_type = std::basic_ios<ch
       operator<<(__ios_type& (*__pf)(__ios_type&))
       ^~~~~~~~
/usr/include/c++/6/ostream:117:7: note:   no known conversion for argument 1 fror>::__ios_type&) {aka std::basic_ios<char>& (*)(std::basic_ios<char>&)}’
/usr/include/c++/6/ostream:127:7: note: candidate: std::basic_ostream<_CharT, _Twith _CharT = char; _Traits = std::char_traits<char>; std::basic_ostream<_CharT,
       operator<<(ios_base& (*__pf) (ios_base&))
       ^~~~~~~~
/usr/include/c++/6/ostream:127:7: note:   no known conversion for argument 1 fro
/usr/include/c++/6/ostream:166:7: note: candidate: std::basic_ostream<_CharT, _Ts = std::char_traits<char>; std::basic_ostream<_CharT, _Traits>::__ostream_type
       operator<<(long __n)
       ^~~~~~~~
/usr/include/c++/6/ostream:166:7: note:   no known conversion for argument 1 fro
/usr/include/c++/6/ostream:170:7: note: candidate: std::basic_ostream<_CharT, _Tr; _Traits = std::char_traits<char>; std::basic_ostream<_CharT, _Traits>::__ostr
       operator<<(unsigned long __n)
       ^~~~~~~~
/usr/include/c++/6/ostream:170:7: note:   no known conversion for argument 1 fro
/usr/include/c++/6/ostream:174:7: note: candidate: std::basic_ostream<_CharT, _Tstd::char_traits<char>; std::basic_ostream<_CharT, _Traits>::__ostream_type = st
       operator<<(bool __n)
       ^~~~~~~~
/usr/include/c++/6/ostream:174:7: note:   no known conversion for argument 1 fro
In file included from /usr/include/c++/6/ostream:638:0,
                 from /usr/include/c++/6/iostream:39,
                 from test.cpp:5:
/usr/include/c++/6/bits/ostream.tcc:91:5: note: candidate: std::basic_ostream<_C::char_traits<char>]
     basic_ostream<_CharT, _Traits>::
     ^~~~~~~~~~~~~~~~~~~~~~~~~~~~~~
/usr/include/c++/6/bits/ostream.tcc:91:5: note:   no known conversion for argume
In file included from /usr/include/c++/6/iostream:39:0,
                 from test.cpp:5:
/usr/include/c++/6/ostream:181:7: note: candidate: std::basic_ostream<_CharT, _Tar; _Traits = std::char_traits<char>; std::basic_ostream<_CharT, _Traits>::__ost
       operator<<(unsigned short __n)
       ^~~~~~~~
/usr/include/c++/6/ostream:181:7: note:   no known conversion for argument 1 fro
In file included from /usr/include/c++/6/ostream:638:0,
                 from /usr/include/c++/6/iostream:39,
                 from test.cpp:5:
/usr/include/c++/6/bits/ostream.tcc:105:5: note: candidate: std::basic_ostream<_r_traits<char>]
     basic_ostream<_CharT, _Traits>::
     ^~~~~~~~~~~~~~~~~~~~~~~~~~~~~~
/usr/include/c++/6/bits/ostream.tcc:105:5: note:   no known conversion for argum
In file included from /usr/include/c++/6/iostream:39:0,
                 from test.cpp:5:
/usr/include/c++/6/ostream:192:7: note: candidate: std::basic_ostream<_CharT, _Traits = std::char_traits<char>; std::basic_ostream<_CharT, _Traits>::__ostream_t
       operator<<(unsigned int __n)
       ^~~~~~~~
/usr/include/c++/6/ostream:192:7: note:   no known conversion for argument 1 fro
/usr/include/c++/6/ostream:201:7: note: candidate: std::basic_ostream<_CharT, _TTraits = std::char_traits<char>; std::basic_ostream<_CharT, _Traits>::__ostream_
       operator<<(long long __n)
       ^~~~~~~~
/usr/include/c++/6/ostream:201:7: note:   no known conversion for argument 1 fro
/usr/include/c++/6/ostream:205:7: note: candidate: std::basic_ostream<_CharT, _T= char; _Traits = std::char_traits<char>; std::basic_ostream<_CharT, _Traits>::_
       operator<<(unsigned long long __n)
       ^~~~~~~~
/usr/include/c++/6/ostream:205:7: note:   no known conversion for argument 1 fro
/usr/include/c++/6/ostream:220:7: note: candidate: std::basic_ostream<_CharT, _T= std::char_traits<char>; std::basic_ostream<_CharT, _Traits>::__ostream_type =
       operator<<(double __f)
       ^~~~~~~~
/usr/include/c++/6/ostream:220:7: note:   no known conversion for argument 1 fro
/usr/include/c++/6/ostream:224:7: note: candidate: std::basic_ostream<_CharT, _T std::char_traits<char>; std::basic_ostream<_CharT, _Traits>::__ostream_type = s
       operator<<(float __f)
       ^~~~~~~~
/usr/include/c++/6/ostream:224:7: note:   no known conversion for argument 1 fro
/usr/include/c++/6/ostream:232:7: note: candidate: std::basic_ostream<_CharT, _Taits = std::char_traits<char>; std::basic_ostream<_CharT, _Traits>::__ostream_ty
       operator<<(long double __f)
       ^~~~~~~~
/usr/include/c++/6/ostream:232:7: note:   no known conversion for argument 1 fro
/usr/include/c++/6/ostream:245:7: note: candidate: std::basic_ostream<_CharT, _Taits = std::char_traits<char>; std::basic_ostream<_CharT, _Traits>::__ostream_ty
       operator<<(const void* __p)
       ^~~~~~~~
/usr/include/c++/6/ostream:245:7: note:   no known conversion for argument 1 fro
In file included from /usr/include/c++/6/ostream:638:0,
                 from /usr/include/c++/6/iostream:39,
                 from test.cpp:5:
/usr/include/c++/6/bits/ostream.tcc:119:5: note: candidate: std::basic_ostream<_mbuf_type*) [with _CharT = char; _Traits = std::char_traits<char>; std::basic_os
     basic_ostream<_CharT, _Traits>::
     ^~~~~~~~~~~~~~~~~~~~~~~~~~~~~~
/usr/include/c++/6/bits/ostream.tcc:119:5: note:   no known conversion for argumasic_streambuf<char>*}’
In file included from /usr/include/c++/6/string:52:0,
                 from /usr/include/c++/6/stdexcept:39,
                 from /usr/include/c++/6/array:39,
                 from /usr/include/c++/6/tuple:39,
                 from /usr/include/c++/6/bits/stl_map.h:63,
                 from /usr/include/c++/6/map:61,
                 from /usr/local/include/djiosdk/dji_ack.hpp:38,
                 from /usr/local/include/djiosdk/dji_open_protocol.hpp:33,
                 from /usr/local/include/djiosdk/dji_vehicle_callback.hpp:32,
                 from /usr/local/include/djiosdk/dji_broadcast.hpp:34,
                 from /usr/local/include/djiosdk/dji_vehicle.hpp:35,
                 from test.cpp:4:
/usr/include/c++/6/bits/basic_string.h:5340:5: note: candidate: template<class _CharT, _Traits>&, const std::__cxx11::basic_string<_CharT, _Traits, _Alloc>&)
     operator<<(basic_ostream<_CharT, _Traits>& __os,
     ^~~~~~~~
/usr/include/c++/6/bits/basic_string.h:5340:5: note:   template argument deducti
test.cpp:23:10: note:   ‘DJI::OSDK::Telemetry::GlobalPosition’ is not derived fr
  cout << currentPosition<< endl;
          ^~~~~~~~~~~~~~~
In file included from /usr/include/c++/6/bits/ios_base.h:46:0,
                 from /usr/include/c++/6/ios:42,
                 from /usr/include/c++/6/ostream:38,
                 from /usr/include/c++/6/iostream:39,
                 from test.cpp:5:
/usr/include/c++/6/system_error:209:5: note: candidate: template<class _CharT, ct std::error_code&)
     operator<<(basic_ostream<_CharT, _Traits>& __os, const error_code& __e)
     ^~~~~~~~
/usr/include/c++/6/system_error:209:5: note:   template argument deduction/subst
test.cpp:23:10: note:   cannot convert ‘currentPosition’ (type ‘DJI::OSDK::Telem
  cout << currentPosition<< endl;
          ^~~~~~~~~~~~~~~
In file included from /usr/include/c++/6/iostream:39:0,
                 from test.cpp:5:
/usr/include/c++/6/ostream:497:5: note: candidate: template<class _CharT, class
     operator<<(basic_ostream<_CharT, _Traits>& __out, _CharT __c)
     ^~~~~~~~
/usr/include/c++/6/ostream:497:5: note:   template argument deduction/substituti
test.cpp:23:10: note:   deduced conflicting types for parameter ‘_CharT’ (‘char’
  cout << currentPosition<< endl;
          ^~~~~~~~~~~~~~~
In file included from /usr/include/c++/6/iostream:39:0,
                 from test.cpp:5:
/usr/include/c++/6/ostream:502:5: note: candidate: template<class _CharT, class
     operator<<(basic_ostream<_CharT, _Traits>& __out, char __c)
     ^~~~~~~~
/usr/include/c++/6/ostream:502:5: note:   template argument deduction/substituti
test.cpp:23:10: note:   cannot convert ‘currentPosition’ (type ‘DJI::OSDK::Telem
  cout << currentPosition<< endl;
          ^~~~~~~~~~~~~~~
In file included from /usr/include/c++/6/iostream:39:0,
                 from test.cpp:5:
/usr/include/c++/6/ostream:508:5: note: candidate: template<class _Traits> std::
     operator<<(basic_ostream<char, _Traits>& __out, char __c)
     ^~~~~~~~
/usr/include/c++/6/ostream:508:5: note:   template argument deduction/substituti
test.cpp:23:10: note:   cannot convert ‘currentPosition’ (type ‘DJI::OSDK::Telem
  cout << currentPosition<< endl;
          ^~~~~~~~~~~~~~~
In file included from /usr/include/c++/6/iostream:39:0,
                 from test.cpp:5:
/usr/include/c++/6/ostream:514:5: note: candidate: template<class _Traits> std::
     operator<<(basic_ostream<char, _Traits>& __out, signed char __c)
     ^~~~~~~~
/usr/include/c++/6/ostream:514:5: note:   template argument deduction/substituti
test.cpp:23:10: note:   cannot convert ‘currentPosition’ (type ‘DJI::OSDK::Telem
  cout << currentPosition<< endl;
          ^~~~~~~~~~~~~~~
In file included from /usr/include/c++/6/iostream:39:0,
                 from test.cpp:5:
/usr/include/c++/6/ostream:519:5: note: candidate: template<class _Traits> std::
     operator<<(basic_ostream<char, _Traits>& __out, unsigned char __c)
     ^~~~~~~~
/usr/include/c++/6/ostream:519:5: note:   template argument deduction/substituti
test.cpp:23:10: note:   cannot convert ‘currentPosition’ (type ‘DJI::OSDK::Telem
  cout << currentPosition<< endl;
          ^~~~~~~~~~~~~~~
In file included from /usr/include/c++/6/iostream:39:0,
                 from test.cpp:5:
/usr/include/c++/6/ostream:539:5: note: candidate: template<class _CharT, class arT*)
     operator<<(basic_ostream<_CharT, _Traits>& __out, const _CharT* __s)
     ^~~~~~~~
/usr/include/c++/6/ostream:539:5: note:   template argument deduction/substituti
test.cpp:23:10: note:   mismatched types ‘const _CharT*’ and ‘DJI::OSDK::Telemet
  cout << currentPosition<< endl;
          ^~~~~~~~~~~~~~~
In file included from /usr/include/c++/6/ostream:638:0,
                 from /usr/include/c++/6/iostream:39,
                 from test.cpp:5:
/usr/include/c++/6/bits/ostream.tcc:321:5: note: candidate: template<class _Charconst char*)
     operator<<(basic_ostream<_CharT, _Traits>& __out, const char* __s)
     ^~~~~~~~
/usr/include/c++/6/bits/ostream.tcc:321:5: note:   template argument deduction/s
test.cpp:23:10: note:   cannot convert ‘currentPosition’ (type ‘DJI::OSDK::Telem
  cout << currentPosition<< endl;
          ^~~~~~~~~~~~~~~
In file included from /usr/include/c++/6/iostream:39:0,
                 from test.cpp:5:
/usr/include/c++/6/ostream:556:5: note: candidate: template<class _Traits> std::
     operator<<(basic_ostream<char, _Traits>& __out, const char* __s)
     ^~~~~~~~
/usr/include/c++/6/ostream:556:5: note:   template argument deduction/substituti
test.cpp:23:10: note:   cannot convert ‘currentPosition’ (type ‘DJI::OSDK::Telem
  cout << currentPosition<< endl;
          ^~~~~~~~~~~~~~~
In file included from /usr/include/c++/6/iostream:39:0,
                 from test.cpp:5:
/usr/include/c++/6/ostream:569:5: note: candidate: template<class _Traits> std::
     operator<<(basic_ostream<char, _Traits>& __out, const signed char* __s)
     ^~~~~~~~
/usr/include/c++/6/ostream:569:5: note:   template argument deduction/substituti
test.cpp:23:10: note:   cannot convert ‘currentPosition’ (type ‘DJI::OSDK::Telem
  cout << currentPosition<< endl;
          ^~~~~~~~~~~~~~~
In file included from /usr/include/c++/6/iostream:39:0,
                 from test.cpp:5:
/usr/include/c++/6/ostream:574:5: note: candidate: template<class _Traits> std::
     operator<<(basic_ostream<char, _Traits>& __out, const unsigned char* __s)
     ^~~~~~~~
/usr/include/c++/6/ostream:574:5: note:   template argument deduction/substituti
test.cpp:23:10: note:   cannot convert ‘currentPosition’ (type ‘DJI::OSDK::Telem
  cout << currentPosition<< endl;
          ^~~~~~~~~~~~~~~
In file included from /usr/include/c++/6/iostream:39:0,
                 from test.cpp:5:
/usr/include/c++/6/ostream:628:5: note: candidate: std::basic_ostream<_CharT, _T::char_traits<char>; _Tp = DJI::OSDK::Telemetry::GlobalPosition] <near match>
     operator<<(basic_ostream<_CharT, _Traits>&& __os, const _Tp& __x)
     ^~~~~~~~
/usr/include/c++/6/ostream:628:5: note:   conversion of argument 1 would be ill-
test.cpp:23:10: error: cannot bind ‘std::ostream {aka std::basic_ostream<char>}’
  cout << currentPosition<< endl;
          ^~~~~~~~~~~~~~~
pi@raspberrypi:~/Onboard-SDK/dji $ cd ..c
-bash: cd: ..c: No such file or directory
pi@raspberrypi:~/Onboard-SDK/dji $ cd ..
pi@raspberrypi:~/Onboard-SDK $ cd ..cd
-bash: cd: ..cd: No such file or directory
pi@raspberrypi:~/Onboard-SDK $ cd..
-bash: cd..: command not found
pi@raspberrypi:~/Onboard-SDK $ cd ..
pi@raspberrypi:~ $ cd ..d
-bash: cd: ..d: No such file or directory
pi@raspberrypi:~ $ cd ..
pi@raspberrypi:/home $
pi@raspberrypi:/home $ cd ..
pi@raspberrypi:/ $  cd..
-bash: cd..: command not found
pi@raspberrypi:/ $ sudo apt-get install openssh-server g++ gdb gdbserver
Reading package lists... Done
Building dependency tree
Reading state information... Done
g++ is already the newest version (4:6.3.0-4).
g++ set to manually installed.
gdb is already the newest version (7.12-6).
openssh-server is already the newest version (1:7.4p1-10+deb9u3).
openssh-server set to manually installed.
The following NEW packages will be installed:
  gdbserver
0 upgraded, 1 newly installed, 0 to remove and 54 not upgraded.
Need to get 308 kB of archives.
After this operation, 581 kB of additional disk space will be used.
Do you want to continue? [Y/n] y
Get:1 http://raspbian.mirror.colo-serv.net/raspbian stretch/main armhf gdbserver
Fetched 308 kB in 0s (406 kB/s)
Selecting previously unselected package gdbserver.
(Reading database ... 126914 files and directories currently installed.)
Preparing to unpack .../gdbserver_7.12-6_armhf.deb ...
Unpacking gdbserver (7.12-6) ...
Setting up gdbserver (7.12-6) ...
pi@raspberrypi:/ $ ls
bin  boot  dev  etc  home  lib  lost+found  media  mnt  opt  proc  root  run  sb
pi@raspberrypi:/ $ cd home
pi@raspberrypi:/home $ ls
pi
pi@raspberrypi:/home $ cd pi
pi@raspberrypi:~ $ ,s
-bash: ,s: command not found
pi@raspberrypi:~ $ kls
-bash: kls: command not found
pi@raspberrypi:~ $ ls
Desktop  Documents  Downloads  Music  Onboard-SDK  Pictures  projects  Public  p
pi@raspberrypi:~ $ cd Onboard-SDK
pi@raspberrypi:~/Onboard-SDK $ ls
build  CMakeLists.txt  contrib  dji  Doxyfile  EULA.txt  License.txt  osdk-core
pi@raspberrypi:~/Onboard-SDK $ cd sample
pi@raspberrypi:~/Onboard-SDK/sample $ ls
linux  Qt  STM32
pi@raspberrypi:~/Onboard-SDK/sample $ cd linux
pi@raspberrypi:~/Onboard-SDK/sample/linux $ cd ..
pi@raspberrypi:~/Onboard-SDK/sample $ cd ..
pi@raspberrypi:~/Onboard-SDK $ cd build
pi@raspberrypi:~/Onboard-SDK/build $ cd bin\
> cd bin
-bash: cd: too many arguments
pi@raspberrypi:~/Onboard-SDK/build $ cd bin
pi@raspberrypi:~/Onboard-SDK/build/bin $ ls
djiosdk-cameragimbal-sample  djiosdk-flightcontrol-sample  djiosdk-logging-sampl
pi@raspberrypi:~/Onboard-SDK/build/bin $ ./djiosdk-flightcontrol-sample ../../sa
Read App ID
User Configuration read successfully.


STATUS/1 @ init, L55: Attempting to open device /dev/ttyAMA0 with baudrate 23040

STATUS/1 @ init, L65: ...Serial started successfully.

ERRORLOG/1 @ getDroneVersion, L1339: Drone version not obtained! Please do not p
Possible reasons:
        Serial port connection:
                * SDK is not enabled, please check DJI Assistant2 -> SDK -> [v]
                * Baudrate is not correct, please double-check from DJI Assistan
                * TX and RX pins are inverted.
                * Serial port is occupied by another program.
                * Permission required. Please do 'sudo usermod -a -G dialout $US

ERRORLOG/1 @ activate, L1228: Unable to initialize some vehicle components!
STATUS/1 @ getErrorCodeMessage, L644: initVehicle
STATUS/1 @ getCommonErrorCodeMessage, L710: ACK_NO_RESPONSE_ERROR
Vehicle not initialized, exiting.
pi@raspberrypi:~/Onboard-SDK/build/bin $ ./djiosdk-flightcontrol-sample ../../sa
Read App ID
User Configuration read successfully.


STATUS/1 @ init, L55: Attempting to open device /dev/ttyAMA0 with baudrate 23040

STATUS/1 @ init, L65: ...Serial started successfully.

ERRORLOG/1 @ getDroneVersion, L1339: Drone version not obtained! Please do not p
Possible reasons:
        Serial port connection:
                * SDK is not enabled, please check DJI Assistant2 -> SDK -> [v]
                * Baudrate is not correct, please double-check from DJI Assistan
                * TX and RX pins are inverted.
                * Serial port is occupied by another program.
                * Permission required. Please do 'sudo usermod -a -G dialout $US

ERRORLOG/1 @ activate, L1228: Unable to initialize some vehicle components!
STATUS/1 @ getErrorCodeMessage, L644: initVehicle
STATUS/1 @ getCommonErrorCodeMessage, L710: ACK_NO_RESPONSE_ERROR
Vehicle not initialized, exiting.
pi@raspberrypi:~/Onboard-SDK/build/bin $ ./djiosdk-flightcontrol-sample ../../sa
Read App ID
User Configuration read successfully.


STATUS/1 @ init, L55: Attempting to open device /dev/ttyAMA0 with baudrate 23040

STATUS/1 @ init, L65: ...Serial started successfully.

STATUS/1 @ parseDroneVersionInfo, L687: Device Serial No. = 041DE52321

STATUS/1 @ parseDroneVersionInfo, L689: Hardware = M100

STATUS/1 @ parseDroneVersionInfo, L690: Firmware = 3.1.10.0

STATUS/1 @ parseDroneVersionInfo, L693: Version CRC = 0xA6453AAC

STATUS/1 @ initSubscriber, L738: Telemetry subscription mechanism is not support

STATUS/1 @ initMFIO, L941: MFIO is not supported on this platform!

STATUS/1 @ initHardSync, L1003: Hardware Sync is not supported on this platform!

STATUS/1 @ activate, L1239: version 0x3010A00

STATUS/1 @ activate, L1252: Activation successful
| Available commands:                                            |
| [a] Monitored Takeoff + Landing                                |
| [b] Monitored Takeoff + Position Control + Landing             |
b

STATUS/1 @ getErrorCodeMessage, L644: D¦fTI5[D¦f¦5[
STATUS/1 @ getCMDIDTaskMSG, L824: CONTROLLER_FAIL
Task timeout!
^C
pi@raspberrypi:~/Onboard-SDK/build/bin $ ^C
pi@raspberrypi:~/Onboard-SDK/build/bin $ ./djiosdk-flightcontrol-sample ../../sample/linux/common/UserConfig.txt
Read App ID
User Configuration read successfully.


STATUS/1 @ init, L55: Attempting to open device /dev/ttyAMA0 with baudrate 230400...

STATUS/1 @ init, L65: ...Serial started successfully.

STATUS/1 @ parseDroneVersionInfo, L687: Device Serial No. = 041DE52321

STATUS/1 @ parseDroneVersionInfo, L689: Hardware = M100

STATUS/1 @ parseDroneVersionInfo, L690: Firmware = 3.1.10.0

STATUS/1 @ parseDroneVersionInfo, L693: Version CRC = 0xA6453AAC

STATUS/1 @ initSubscriber, L738: Telemetry subscription mechanism is not supported on this platform!

STATUS/1 @ initMFIO, L941: MFIO is not supported on this platform!

STATUS/1 @ initHardSync, L1003: Hardware Sync is not supported on this platform!

STATUS/1 @ activate, L1239: version 0x3010A00

STATUS/1 @ activate, L1252: Activation successful
| Available commands:                                            |
| [a] Monitored Takeoff + Landing                                |
| [b] Monitored Takeoff + Position Control + Landing             |
b
Aircraft hovering at 261.755m!
Task timeout!
^C
pi@raspberrypi:~/Onboard-SDK/build/bin $ ./djiosdk-flightcontrol-sample ../../sample/linux/common/UserConfig.txt
Read App ID
User Configuration read successfully.


STATUS/1 @ init, L55: Attempting to open device /dev/ttyAMA0 with baudrate 230400...

STATUS/1 @ init, L65: ...Serial started successfully.

STATUS/1 @ parseDroneVersionInfo, L687: Device Serial No. = 041DE52321

STATUS/1 @ parseDroneVersionInfo, L689: Hardware = M100

STATUS/1 @ parseDroneVersionInfo, L690: Firmware = 3.1.10.0

STATUS/1 @ parseDroneVersionInfo, L693: Version CRC = 0xA6453AAC

STATUS/1 @ initSubscriber, L738: Telemetry subscription mechanism is not supported on this platform!

STATUS/1 @ initMFIO, L941: MFIO is not supported on this platform!

STATUS/1 @ initHardSync, L1003: Hardware Sync is not supported on this platform!

STATUS/1 @ activate, L1239: version 0x3010A00

STATUS/1 @ activate, L1252: Activation successful
| Available commands:                                            |
| [a] Monitored Takeoff + Landing                                |
| [b] Monitored Takeoff + Position Control + Landing             |
a
Aircraft hovering at 0.1m!
Landing failed. Aircraft is still in the air.
Segmentation fault
pi@raspberrypi:~/Onboard-SDK/build/bin $ ./djiosdk-flightcontrol-sample ../../sample/linux/common/UserConfig.txt
Read App ID
User Configuration read successfully.


STATUS/1 @ init, L55: Attempting to open device /dev/ttyAMA0 with baudrate 230400...

STATUS/1 @ init, L65: ...Serial started successfully.

STATUS/1 @ parseDroneVersionInfo, L687: Device Serial No. = 041DE52321

STATUS/1 @ parseDroneVersionInfo, L689: Hardware = M100

STATUS/1 @ parseDroneVersionInfo, L690: Firmware = 3.1.10.0

STATUS/1 @ parseDroneVersionInfo, L693: Version CRC = 0xA6453AAC

STATUS/1 @ initSubscriber, L738: Telemetry subscription mechanism is not supported on this platform!

STATUS/1 @ initMFIO, L941: MFIO is not supported on this platform!

STATUS/1 @ initHardSync, L1003: Hardware Sync is not supported on this platform!

STATUS/1 @ activate, L1239: version 0x3010A00

STATUS/1 @ activate, L1252: Activation successful
| Available commands:                                            |
| [a] Monitored Takeoff + Landing                                |
| [b] Monitored Takeoff + Position Control + Landing             |
b
Successful TakeOff!
Aircraft in air!
Aircraft hovering at 1.18232m!
Landing...
Successful landing!
pi@raspberrypi:~/Onboard-SDK/build/bin $ ./djiosdk-flightcontrol-sample ../../sample/linux/common/UserConfig.txt
Read App ID
User Configuration read successfully.


STATUS/1 @ init, L55: Attempting to open device /dev/ttyAMA0 with baudrate 230400...

STATUS/1 @ init, L65: ...Serial started successfully.

STATUS/1 @ parseDroneVersionInfo, L687: Device Serial No. = 041DE52321

STATUS/1 @ parseDroneVersionInfo, L689: Hardware = M100

STATUS/1 @ parseDroneVersionInfo, L690: Firmware = 3.1.10.0

STATUS/1 @ parseDroneVersionInfo, L693: Version CRC = 0xA6453AAC

STATUS/1 @ initSubscriber, L738: Telemetry subscription mechanism is not supported on this platform!

STATUS/1 @ initMFIO, L941: MFIO is not supported on this platform!

STATUS/1 @ initHardSync, L1003: Hardware Sync is not supported on this platform!

STATUS/1 @ activate, L1239: version 0x3010A00

STATUS/1 @ activate, L1252: Activation successful
| Available commands:                                            |
| [a] Monitored Takeoff + Landing                                |
| [b] Monitored Takeoff + Position Control + Landing             |
b
Aircraft hovering at 263.171m!
Task timeout!
Task timeout!
Task timeout!
Landing failed. Aircraft is still in the air.
Segmentation fault
pi@raspberrypi:~/Onboard-SDK/build/bin $ g++ test.cpp -ldjiosdk-core -lpthread
g++: error: test.cpp: No such file or directory
pi@raspberrypi:~/Onboard-SDK/build/bin $ cd ..
pi@raspberrypi:~/Onboard-SDK/build $ cd ..
pi@raspberrypi:~/Onboard-SDK $ cd ..
pi@raspberrypi:~ $ ls
Desktop    Downloads  Onboard-SDK  projects  python_games  Videos
Documents  Music      Pictures     Public    Templates
pi@raspberrypi:~ $ cd Onboard-SDl
-bash: cd: Onboard-SDl: No such file or directory
pi@raspberrypi:~ $ cd Onboard-SDK
pi@raspberrypi:~/Onboard-SDK $ ls
build           contrib  Doxyfile  License.txt  README.md  utility
CMakeLists.txt  dji      EULA.txt  osdk-core    sample
pi@raspberrypi:~/Onboard-SDK $ cd dji
pi@raspberrypi:~/Onboard-SDK/dji $ ls
a.out  main.cpp  test.cpp
pi@raspberrypi:~/Onboard-SDK/dji $ g++ test.cpp -ldjiosdk-core -lpthread
test.cpp:23:32: error: stray ‘\357’ in program
  cout << currentPosition<< endl¦¦¦
                                ^
test.cpp:23:33: error: stray ‘\274’ in program
  cout << currentPosition<< endl¦¦¦
                                 ^
test.cpp:23:34: error: stray ‘\233’ in program
  cout << currentPosition<< endl¦¦
                                  ^
test.cpp: In function ‘int main()’:
test.cpp:23:7: error: no match for ‘operator<<’ (operand types are ‘std::ostream {aka std::basic_ostream<char>}’ and ‘DJI::OSDK::Telemetry::GlobalPosition’)
  cout << currentPosition<< endl;
  ~~~~~^~~~~~~~~~~~~~~~~~
In file included from /usr/include/c++/6/iostream:39:0,
                 from test.cpp:5:
/usr/include/c++/6/ostream:108:7: note: candidate: std::basic_ostream<_CharT, _Traits>::__ostream_type& std::basic_ostream<_CharT, _Traits>::operator<<(std::basic_ostream<_CharT, _Traits>::__ostream_type& (*)(std::basic_ostream<_CharT, _Traits>::__ostream_type&)) [with _CharT = char; _Traits = std::char_traits<char>; std::basic_ostream<_CharT, _Traits>::__ostream_type = std::basic_ostream<char>]
       operator<<(__ostream_type& (*__pf)(__ostream_type&))
       ^~~~~~~~
/usr/include/c++/6/ostream:108:7: note:   no known conversion for argument 1 from ‘DJI::OSDK::Telemetry::GlobalPosition’ to ‘std::basic_ostream<char>::__ostream_type& (*)(std::basic_ostream<char>::__ostream_type&) {aka std::basic_ostream<char>& (*)(std::basic_ostream<char>&)}’
/usr/include/c++/6/ostream:117:7: note: candidate: std::basic_ostream<_CharT, _Traits>::__ostream_type& std::basic_ostream<_CharT, _Traits>::operator<<(std::basic_ostream<_CharT, _Traits>::__ios_type& (*)(std::basic_ostream<_CharT, _Traits>::__ios_type&)) [with _CharT = char; _Traits = std::char_traits<char>; std::basic_ostream<_CharT, _Traits>::__ostream_type = std::basic_ostream<char>; std::basic_ostream<_CharT, _Traits>::__ios_type = std::basic_ios<char>]
       operator<<(__ios_type& (*__pf)(__ios_type&))
       ^~~~~~~~
/usr/include/c++/6/ostream:117:7: note:   no known conversion for argument 1 from ‘DJI::OSDK::Telemetry::GlobalPosition’ to ‘std::basic_ostream<char>::__ios_type& (*)(std::basic_ostream<char>::__ios_type&) {aka std::basic_ios<char>& (*)(std::basic_ios<char>&)}’
/usr/include/c++/6/ostream:127:7: note: candidate: std::basic_ostream<_CharT, _Traits>::__ostream_type& std::basic_ostream<_CharT, _Traits>::operator<<(std::ios_base& (*)(std::ios_base&)) [with _CharT = char; _Traits = std::char_traits<char>; std::basic_ostream<_CharT, _Traits>::__ostream_type = std::basic_ostream<char>]
       operator<<(ios_base& (*__pf) (ios_base&))
       ^~~~~~~~
/usr/include/c++/6/ostream:127:7: note:   no known conversion for argument 1 from ‘DJI::OSDK::Telemetry::GlobalPosition’ to ‘std::ios_base& (*)(std::ios_base&)’
/usr/include/c++/6/ostream:166:7: note: candidate: std::basic_ostream<_CharT, _Traits>::__ostream_type& std::basic_ostream<_CharT, _Traits>::operator<<(long int) [with _CharT = char; _Traits = std::char_traits<char>; std::basic_ostream<_CharT, _Traits>::__ostream_type = std::basic_ostream<char>]
       operator<<(long __n)
       ^~~~~~~~
/usr/include/c++/6/ostream:166:7: note:   no known conversion for argument 1 from ‘DJI::OSDK::Telemetry::GlobalPosition’ to ‘long int’
/usr/include/c++/6/ostream:170:7: note: candidate: std::basic_ostream<_CharT, _Traits>::__ostream_type& std::basic_ostream<_CharT, _Traits>::operator<<(long unsigned int) [with _CharT = char; _Traits = std::char_traits<char>; std::basic_ostream<_CharT, _Traits>::__ostream_type = std::basic_ostream<char>]
       operator<<(unsigned long __n)
       ^~~~~~~~
/usr/include/c++/6/ostream:170:7: note:   no known conversion for argument 1 from ‘DJI::OSDK::Telemetry::GlobalPosition’ to ‘long unsigned int’
/usr/include/c++/6/ostream:174:7: note: candidate: std::basic_ostream<_CharT, _Traits>::__ostream_type& std::basic_ostream<_CharT, _Traits>::operator<<(bool) [with _CharT = char; _Traits = std::char_traits<char>; std::basic_ostream<_CharT, _Traits>::__ostream_type = std::basic_ostream<char>]
       operator<<(bool __n)
       ^~~~~~~~
/usr/include/c++/6/ostream:174:7: note:   no known conversion for argument 1 from ‘DJI::OSDK::Telemetry::GlobalPosition’ to ‘bool’
In file included from /usr/include/c++/6/ostream:638:0,
                 from /usr/include/c++/6/iostream:39,
                 from test.cpp:5:
/usr/include/c++/6/bits/ostream.tcc:91:5: note: candidate: std::basic_ostream<_CharT, _Traits>& std::basic_ostream<_CharT, _Traits>::operator<<(short int) [with _CharT = char; _Traits = std::char_traits<char>]
     basic_ostream<_CharT, _Traits>::
     ^~~~~~~~~~~~~~~~~~~~~~~~~~~~~~
/usr/include/c++/6/bits/ostream.tcc:91:5: note:   no known conversion for argument 1 from ‘DJI::OSDK::Telemetry::GlobalPosition’ to ‘short int’
In file included from /usr/include/c++/6/iostream:39:0,
                 from test.cpp:5:
/usr/include/c++/6/ostream:181:7: note: candidate: std::basic_ostream<_CharT, _Traits>::__ostream_type& std::basic_ostream<_CharT, _Traits>::operator<<(short unsigned int) [with _CharT = char; _Traits = std::char_traits<char>; std::basic_ostream<_CharT, _Traits>::__ostream_type = std::basic_ostream<char>]
       operator<<(unsigned short __n)
       ^~~~~~~~
/usr/include/c++/6/ostream:181:7: note:   no known conversion for argument 1 from ‘DJI::OSDK::Telemetry::GlobalPosition’ to ‘short unsigned int’
In file included from /usr/include/c++/6/ostream:638:0,
                 from /usr/include/c++/6/iostream:39,
                 from test.cpp:5:
/usr/include/c++/6/bits/ostream.tcc:105:5: note: candidate: std::basic_ostream<_CharT, _Traits>& std::basic_ostream<_CharT, _Traits>::operator<<(int) [with _CharT = char; _Traits = std::char_traits<char>]
     basic_ostream<_CharT, _Traits>::
     ^~~~~~~~~~~~~~~~~~~~~~~~~~~~~~
/usr/include/c++/6/bits/ostream.tcc:105:5: note:   no known conversion for argument 1 from ‘DJI::OSDK::Telemetry::GlobalPosition’ to ‘int’
In file included from /usr/include/c++/6/iostream:39:0,
                 from test.cpp:5:
/usr/include/c++/6/ostream:192:7: note: candidate: std::basic_ostream<_CharT, _Traits>::__ostream_type& std::basic_ostream<_CharT, _Traits>::operator<<(unsigned int) [with _CharT = char; _Traits = std::char_traits<char>; std::basic_ostream<_CharT, _Traits>::__ostream_type = std::basic_ostream<char>]
       operator<<(unsigned int __n)
       ^~~~~~~~
/usr/include/c++/6/ostream:192:7: note:   no known conversion for argument 1 from ‘DJI::OSDK::Telemetry::GlobalPosition’ to ‘unsigned int’
/usr/include/c++/6/ostream:201:7: note: candidate: std::basic_ostream<_CharT, _Traits>::__ostream_type& std::basic_ostream<_CharT, _Traits>::operator<<(long long int) [with _CharT = char; _Traits = std::char_traits<char>; std::basic_ostream<_CharT, _Traits>::__ostream_type = std::basic_ostream<char>]
       operator<<(long long __n)
       ^~~~~~~~
/usr/include/c++/6/ostream:201:7: note:   no known conversion for argument 1 from ‘DJI::OSDK::Telemetry::GlobalPosition’ to ‘long long int’
/usr/include/c++/6/ostream:205:7: note: candidate: std::basic_ostream<_CharT, _Traits>::__ostream_type& std::basic_ostream<_CharT, _Traits>::operator<<(long long unsigned int) [with _CharT = char; _Traits = std::char_traits<char>; std::basic_ostream<_CharT, _Traits>::__ostream_type = std::basic_ostream<char>]
       operator<<(unsigned long long __n)
       ^~~~~~~~
/usr/include/c++/6/ostream:205:7: note:   no known conversion for argument 1 from ‘DJI::OSDK::Telemetry::GlobalPosition’ to ‘long long unsigned int’
/usr/include/c++/6/ostream:220:7: note: candidate: std::basic_ostream<_CharT, _Traits>::__ostream_type& std::basic_ostream<_CharT, _Traits>::operator<<(double) [with _CharT = char; _Traits = std::char_traits<char>; std::basic_ostream<_CharT, _Traits>::__ostream_type = std::basic_ostream<char>]
       operator<<(double __f)
       ^~~~~~~~
/usr/include/c++/6/ostream:220:7: note:   no known conversion for argument 1 from ‘DJI::OSDK::Telemetry::GlobalPosition’ to ‘double’
/usr/include/c++/6/ostream:224:7: note: candidate: std::basic_ostream<_CharT, _Traits>::__ostream_type& std::basic_ostream<_CharT, _Traits>::operator<<(float) [with _CharT = char; _Traits = std::char_traits<char>; std::basic_ostream<_CharT, _Traits>::__ostream_type = std::basic_ostream<char>]
       operator<<(float __f)
       ^~~~~~~~
/usr/include/c++/6/ostream:224:7: note:   no known conversion for argument 1 from ‘DJI::OSDK::Telemetry::GlobalPosition’ to ‘float’
/usr/include/c++/6/ostream:232:7: note: candidate: std::basic_ostream<_CharT, _Traits>::__ostream_type& std::basic_ostream<_CharT, _Traits>::operator<<(long double) [with _CharT = char; _Traits = std::char_traits<char>; std::basic_ostream<_CharT, _Traits>::__ostream_type = std::basic_ostream<char>]
       operator<<(long double __f)
       ^~~~~~~~
/usr/include/c++/6/ostream:232:7: note:   no known conversion for argument 1 from ‘DJI::OSDK::Telemetry::GlobalPosition’ to ‘long double’
/usr/include/c++/6/ostream:245:7: note: candidate: std::basic_ostream<_CharT, _Traits>::__ostream_type& std::basic_ostream<_CharT, _Traits>::operator<<(const void*) [with _CharT = char; _Traits = std::char_traits<char>; std::basic_ostream<_CharT, _Traits>::__ostream_type = std::basic_ostream<char>]
       operator<<(const void* __p)
       ^~~~~~~~
/usr/include/c++/6/ostream:245:7: note:   no known conversion for argument 1 from ‘DJI::OSDK::Telemetry::GlobalPosition’ to ‘const void*’
In file included from /usr/include/c++/6/ostream:638:0,
                 from /usr/include/c++/6/iostream:39,
                 from test.cpp:5:
/usr/include/c++/6/bits/ostream.tcc:119:5: note: candidate: std::basic_ostream<_CharT, _Traits>& std::basic_ostream<_CharT, _Traits>::operator<<(std::basic_ostream<_CharT, _Traits>::__streambuf_type*) [with _CharT = char; _Traits = std::char_traits<char>; std::basic_ostream<_CharT, _Traits>::__streambuf_type = std::basic_streambuf<char>]
     basic_ostream<_CharT, _Traits>::
     ^~~~~~~~~~~~~~~~~~~~~~~~~~~~~~
/usr/include/c++/6/bits/ostream.tcc:119:5: note:   no known conversion for argument 1 from ‘DJI::OSDK::Telemetry::GlobalPosition’ to ‘std::basic_ostream<char>::__streambuf_type* {aka std::basic_streambuf<char>*}’
In file included from /usr/include/c++/6/string:52:0,
                 from /usr/include/c++/6/stdexcept:39,
                 from /usr/include/c++/6/array:39,
                 from /usr/include/c++/6/tuple:39,
                 from /usr/include/c++/6/bits/stl_map.h:63,
                 from /usr/include/c++/6/map:61,
                 from /usr/local/include/djiosdk/dji_ack.hpp:38,
                 from /usr/local/include/djiosdk/dji_open_protocol.hpp:33,
                 from /usr/local/include/djiosdk/dji_vehicle_callback.hpp:32,
                 from /usr/local/include/djiosdk/dji_broadcast.hpp:34,
                 from /usr/local/include/djiosdk/dji_vehicle.hpp:35,
                 from test.cpp:4:
/usr/include/c++/6/bits/basic_string.h:5340:5: note: candidate: template<class _CharT, class _Traits, class _Alloc> std::basic_ostream<_CharT, _Traits>& std::operator<<(std::basic_ostream<_CharT, _Traits>&, const std::__cxx11::basic_string<_CharT, _Traits, _Alloc>&)
     operator<<(basic_ostream<_CharT, _Traits>& __os,
     ^~~~~~~~
/usr/include/c++/6/bits/basic_string.h:5340:5: note:   template argument deduction/substitution failed:
test.cpp:23:10: note:   ‘DJI::OSDK::Telemetry::GlobalPosition’ is not derived from ‘const std::__cxx11::basic_string<_CharT, _Traits, _Alloc>’
  cout << currentPosition<< endl;
          ^~~~~~~~~~~~~~~
In file included from /usr/include/c++/6/bits/ios_base.h:46:0,
                 from /usr/include/c++/6/ios:42,
                 from /usr/include/c++/6/ostream:38,
                 from /usr/include/c++/6/iostream:39,
                 from test.cpp:5:
/usr/include/c++/6/system_error:209:5: note: candidate: template<class _CharT, class _Traits> std::basic_ostream<_CharT, _Traits>& std::operator<<(std::basic_ostream<_CharT, _Traits>&, const std::error_code&)
     operator<<(basic_ostream<_CharT, _Traits>& __os, const error_code& __e)
     ^~~~~~~~
/usr/include/c++/6/system_error:209:5: note:   template argument deduction/substitution failed:
test.cpp:23:10: note:   cannot convert ‘currentPosition’ (type ‘DJI::OSDK::Telemetry::GlobalPosition’) to type ‘const std::error_code&’
  cout << currentPosition<< endl;
          ^~~~~~~~~~~~~~~
In file included from /usr/include/c++/6/iostream:39:0,
                 from test.cpp:5:
/usr/include/c++/6/ostream:497:5: note: candidate: template<class _CharT, class _Traits> std::basic_ostream<_CharT, _Traits>& std::operator<<(std::basic_ostream<_CharT, _Traits>&, _CharT)
     operator<<(basic_ostream<_CharT, _Traits>& __out, _CharT __c)
     ^~~~~~~~
/usr/include/c++/6/ostream:497:5: note:   template argument deduction/substitution failed:
test.cpp:23:10: note:   deduced conflicting types for parameter ‘_CharT’ (‘char’ and ‘DJI::OSDK::Telemetry::GlobalPosition’)
  cout << currentPosition<< endl;
          ^~~~~~~~~~~~~~~
In file included from /usr/include/c++/6/iostream:39:0,
                 from test.cpp:5:
/usr/include/c++/6/ostream:502:5: note: candidate: template<class _CharT, class _Traits> std::basic_ostream<_CharT, _Traits>& std::operator<<(std::basic_ostream<_CharT, _Traits>&, char)
     operator<<(basic_ostream<_CharT, _Traits>& __out, char __c)
     ^~~~~~~~
/usr/include/c++/6/ostream:502:5: note:   template argument deduction/substitution failed:
test.cpp:23:10: note:   cannot convert ‘currentPosition’ (type ‘DJI::OSDK::Telemetry::GlobalPosition’) to type ‘char’
  cout << currentPosition<< endl;
          ^~~~~~~~~~~~~~~
In file included from /usr/include/c++/6/iostream:39:0,
                 from test.cpp:5:
/usr/include/c++/6/ostream:508:5: note: candidate: template<class _Traits> std::basic_ostream<char, _Traits>& std::operator<<(std::basic_ostream<char, _Traits>&, char)
     operator<<(basic_ostream<char, _Traits>& __out, char __c)
     ^~~~~~~~
/usr/include/c++/6/ostream:508:5: note:   template argument deduction/substitution failed:
test.cpp:23:10: note:   cannot convert ‘currentPosition’ (type ‘DJI::OSDK::Telemetry::GlobalPosition’) to type ‘char’
  cout << currentPosition<< endl;
          ^~~~~~~~~~~~~~~
In file included from /usr/include/c++/6/iostream:39:0,
                 from test.cpp:5:
/usr/include/c++/6/ostream:514:5: note: candidate: template<class _Traits> std::basic_ostream<char, _Traits>& std::operator<<(std::basic_ostream<char, _Traits>&, signed char)
     operator<<(basic_ostream<char, _Traits>& __out, signed char __c)
     ^~~~~~~~
/usr/include/c++/6/ostream:514:5: note:   template argument deduction/substitution failed:
test.cpp:23:10: note:   cannot convert ‘currentPosition’ (type ‘DJI::OSDK::Telemetry::GlobalPosition’) to type ‘signed char’
  cout << currentPosition<< endl;
          ^~~~~~~~~~~~~~~
In file included from /usr/include/c++/6/iostream:39:0,
                 from test.cpp:5:
/usr/include/c++/6/ostream:519:5: note: candidate: template<class _Traits> std::basic_ostream<char, _Traits>& std::operator<<(std::basic_ostream<char, _Traits>&, unsigned char)
     operator<<(basic_ostream<char, _Traits>& __out, unsigned char __c)
     ^~~~~~~~
/usr/include/c++/6/ostream:519:5: note:   template argument deduction/substitution failed:
test.cpp:23:10: note:   cannot convert ‘currentPosition’ (type ‘DJI::OSDK::Telemetry::GlobalPosition’) to type ‘unsigned char’
  cout << currentPosition<< endl;
          ^~~~~~~~~~~~~~~
In file included from /usr/include/c++/6/iostream:39:0,
                 from test.cpp:5:
/usr/include/c++/6/ostream:539:5: note: candidate: template<class _CharT, class _Traits> std::basic_ostream<_CharT, _Traits>& std::operator<<(std::basic_ostream<_CharT, _Traits>&, const _CharT*)
     operator<<(basic_ostream<_CharT, _Traits>& __out, const _CharT* __s)
     ^~~~~~~~
/usr/include/c++/6/ostream:539:5: note:   template argument deduction/substitution failed:
test.cpp:23:10: note:   mismatched types ‘const _CharT*’ and ‘DJI::OSDK::Telemetry::GlobalPosition’
  cout << currentPosition<< endl;
          ^~~~~~~~~~~~~~~
In file included from /usr/include/c++/6/ostream:638:0,
                 from /usr/include/c++/6/iostream:39,
                 from test.cpp:5:
/usr/include/c++/6/bits/ostream.tcc:321:5: note: candidate: template<class _CharT, class _Traits> std::basic_ostream<_CharT, _Traits>& std::operator<<(std::basic_ostream<_CharT, _Traits>&, const char*)
     operator<<(basic_ostream<_CharT, _Traits>& __out, const char* __s)
     ^~~~~~~~
/usr/include/c++/6/bits/ostream.tcc:321:5: note:   template argument deduction/substitution failed:
test.cpp:23:10: note:   cannot convert ‘currentPosition’ (type ‘DJI::OSDK::Telemetry::GlobalPosition’) to type ‘const char*’
  cout << currentPosition<< endl;
          ^~~~~~~~~~~~~~~
In file included from /usr/include/c++/6/iostream:39:0,
                 from test.cpp:5:
/usr/include/c++/6/ostream:556:5: note: candidate: template<class _Traits> std::basic_ostream<char, _Traits>& std::operator<<(std::basic_ostream<char, _Traits>&, const char*)
     operator<<(basic_ostream<char, _Traits>& __out, const char* __s)
     ^~~~~~~~
/usr/include/c++/6/ostream:556:5: note:   template argument deduction/substitution failed:
test.cpp:23:10: note:   cannot convert ‘currentPosition’ (type ‘DJI::OSDK::Telemetry::GlobalPosition’) to type ‘const char*’
  cout << currentPosition<< endl;
          ^~~~~~~~~~~~~~~
In file included from /usr/include/c++/6/iostream:39:0,
                 from test.cpp:5:
/usr/include/c++/6/ostream:569:5: note: candidate: template<class _Traits> std::basic_ostream<char, _Traits>& std::operator<<(std::basic_ostream<char, _Traits>&, const signed char*)
     operator<<(basic_ostream<char, _Traits>& __out, const signed char* __s)
     ^~~~~~~~
/usr/include/c++/6/ostream:569:5: note:   template argument deduction/substitution failed:
test.cpp:23:10: note:   cannot convert ‘currentPosition’ (type ‘DJI::OSDK::Telemetry::GlobalPosition’) to type ‘const signed char*’
  cout << currentPosition<< endl;
          ^~~~~~~~~~~~~~~
In file included from /usr/include/c++/6/iostream:39:0,
                 from test.cpp:5:
/usr/include/c++/6/ostream:574:5: note: candidate: template<class _Traits> std::basic_ostream<char, _Traits>& std::operator<<(std::basic_ostream<char, _Traits>&, const unsigned char*)
     operator<<(basic_ostream<char, _Traits>& __out, const unsigned char* __s)
     ^~~~~~~~
/usr/include/c++/6/ostream:574:5: note:   template argument deduction/substitution failed:
test.cpp:23:10: note:   cannot convert ‘currentPosition’ (type ‘DJI::OSDK::Telemetry::GlobalPosition’) to type ‘const unsigned char*’
  cout << currentPosition<< endl;
          ^~~~~~~~~~~~~~~
In file included from /usr/include/c++/6/iostream:39:0,
                 from test.cpp:5:
/usr/include/c++/6/ostream:628:5: note: candidate: std::basic_ostream<_CharT, _Traits>& std::operator<<(std::basic_ostream<_CharT, _Traits>&&, const _Tp&) [with _CharT = char; _Traits = std::char_traits<char>; _Tp = DJI::OSDK::Telemetry::GlobalPosition] <near match>
     operator<<(basic_ostream<_CharT, _Traits>&& __os, const _Tp& __x)
     ^~~~~~~~
/usr/include/c++/6/ostream:628:5: note:   conversion of argument 1 would be ill-formed:
test.cpp:23:10: error: cannot bind ‘std::ostream {aka std::basic_ostream<char>}’ lvalue to ‘std::basic_ostream<char>&&’
  cout << currentPosition<< endl;
